Component: ARM Compiler 5.05 update 1 (build 106) Tool: armlink [4d0efa]

==============================================================================

Section Cross References

    startup_stm32f10x_hd.o(RESET) refers to startup_stm32f10x_hd.o(STACK) for __initial_sp
    startup_stm32f10x_hd.o(RESET) refers to startup_stm32f10x_hd.o(.text) for Reset_Handler
    startup_stm32f10x_hd.o(RESET) refers to stm32f10x_it.o(.text) for NMI_Handler
    startup_stm32f10x_hd.o(.text) refers to system_stm32f10x.o(.text) for SystemInit
    startup_stm32f10x_hd.o(.text) refers to entry.o(.ARM.Collect$$$$00000000) for __main
    system_stm32f10x.o(.text) refers to system_stm32f10x.o(.data) for SystemCoreClock
    stm32f10x_adc.o(.text) refers to stm32f10x_rcc.o(.text) for RCC_APB2PeriphResetCmd
    stm32f10x_bkp.o(.text) refers to stm32f10x_rcc.o(.text) for RCC_BackupResetCmd
    stm32f10x_can.o(.text) refers to stm32f10x_rcc.o(.text) for RCC_APB1PeriphResetCmd
    stm32f10x_cec.o(.text) refers to stm32f10x_rcc.o(.text) for RCC_APB1PeriphResetCmd
    stm32f10x_dac.o(.text) refers to stm32f10x_rcc.o(.text) for RCC_APB1PeriphResetCmd
    stm32f10x_gpio.o(.text) refers to stm32f10x_rcc.o(.text) for RCC_APB2PeriphResetCmd
    stm32f10x_i2c.o(.text) refers to stm32f10x_rcc.o(.text) for RCC_APB1PeriphResetCmd
    stm32f10x_pwr.o(.text) refers to stm32f10x_rcc.o(.text) for RCC_APB1PeriphResetCmd
    stm32f10x_rcc.o(.text) refers to stm32f10x_rcc.o(.data) for APBAHBPrescTable
    stm32f10x_spi.o(.text) refers to stm32f10x_rcc.o(.text) for RCC_APB2PeriphResetCmd
    stm32f10x_tim.o(.text) refers to stm32f10x_rcc.o(.text) for RCC_APB2PeriphResetCmd
    stm32f10x_usart.o(.text) refers to stm32f10x_rcc.o(.text) for RCC_APB2PeriphResetCmd
    stm32f10x_wwdg.o(.text) refers to stm32f10x_rcc.o(.text) for RCC_APB1PeriphResetCmd
    main.o(.text) refers to memcpya.o(.text) for __aeabi_memcpy4
    main.o(.text) refers to bsp_systick.o(.text) for SysTick_Init
    main.o(.text) refers to bsp_ili9341_lcd.o(.text) for ILI9341_Init
    main.o(.text) refers to bsp_beep.o(.text) for Beep_Init
    main.o(.text) refers to bsp_usart.o(.text) for USART_Config
    main.o(.text) refers to bsp_led.o(.text) for LED_GPIO_Config
    main.o(.text) refers to bsp_key.o(.text) for Key_GPIO_Config
    main.o(.text) refers to printfa.o(i.__0printf) for __2printf
    main.o(.text) refers to bsp_hc05.o(.text) for HC05_Init
    main.o(.text) refers to printfa.o(i.__0sprintf) for __2sprintf
    main.o(.text) refers to stm32f10x_gpio.o(.text) for GPIO_ReadInputDataBit
    main.o(.text) refers to bsp_usart_blt.o(.text) for get_rebuff
    main.o(.text) refers to strcmp.o(.text) for strcmp
    main.o(.text) refers to main.o(.constdata) for .constdata
    main.o(.text) refers to fonts.o(.data) for Font8x16
    main.o(.text) refers to bsp_ili9341_lcd.o(.data) for LCD_Y_LENGTH
    main.o(.text) refers to main.o(.conststring) for .conststring
    main.o(.text) refers to main.o(.bss) for Task_Delay
    main.o(.text) refers to main.o(.data) for hc05_role
    main.o(.text) refers to bsp_ds18b20.o(.text) for DS18B20_Init
    main.o(.text) refers to f2d.o(.text) for __aeabi_f2d
    main.o(.text) refers to rand.o(.text) for rand
    stm32f10x_it.o(.text) refers to bsp_systick.o(.text) for TimingDelay_Decrement
    stm32f10x_it.o(.text) refers to bsp_usart_blt.o(.text) for bsp_USART_Process
    stm32f10x_it.o(.text) refers to main.o(.bss) for Task_Delay
    bsp_systick.o(.text) refers to printfa.o(i.__0printf) for __2printf
    bsp_systick.o(.text) refers to system_stm32f10x.o(.data) for SystemCoreClock
    bsp_systick.o(.text) refers to bsp_systick.o(.data) for TimingDelay
    bsp_hc05.o(.text) refers to stm32f10x_rcc.o(.text) for RCC_APB2PeriphClockCmd
    bsp_hc05.o(.text) refers to stm32f10x_gpio.o(.text) for GPIO_Init
    bsp_hc05.o(.text) refers to bsp_systick.o(.text) for mdelay
    bsp_hc05.o(.text) refers to bsp_usart_blt.o(.text) for Usart_SendString
    bsp_hc05.o(.text) refers to strstr.o(.text) for strstr
    bsp_hc05.o(.text) refers to printfa.o(i.__0sprintf) for __2sprintf
    bsp_hc05.o(.text) refers to strlen.o(.text) for strlen
    bsp_hc05.o(.text) refers to strncmp.o(.text) for strncmp
    bsp_hc05.o(.text) refers to strchr.o(.text) for strchr
    bsp_hc05.o(.text) refers to main.o(.bss) for bltDevList
    bsp_hc05.o(.text) refers to strcpy.o(.text) for strcpy
    bsp_hc05.o(.text) refers to bsp_ili9341_lcd.o(.text) for LCD_SetColors
    bsp_hc05.o(.text) refers to printfa.o(i.__0printf) for __2printf
    bsp_led.o(.text) refers to stm32f10x_rcc.o(.text) for RCC_APB2PeriphClockCmd
    bsp_led.o(.text) refers to stm32f10x_gpio.o(.text) for GPIO_Init
    bsp_key.o(.text) refers to stm32f10x_rcc.o(.text) for RCC_APB2PeriphClockCmd
    bsp_key.o(.text) refers to stm32f10x_gpio.o(.text) for GPIO_Init
    bsp_ili9341_lcd.o(.text) refers to stm32f10x_rcc.o(.text) for RCC_APB2PeriphClockCmd
    bsp_ili9341_lcd.o(.text) refers to stm32f10x_gpio.o(.text) for GPIO_Init
[...]
    entry.o(.ARM.Collect$$$$00000000) refers (Special) to entry7b.o(.ARM.Collect$$$$00000008) for _main_clock
    entry.o(.ARM.Collect$$$$00000000) refers (Special) to entry8b.o(.ARM.Collect$$$$0000000A) for _main_cpp_init
    entry.o(.ARM.Collect$$$$00000000) refers (Special) to entry9a.o(.ARM.Collect$$$$0000000B) for _main_init
    entry.o(.ARM.Collect$$$$00000000) refers (Special) to entry5.o(.ARM.Collect$$$$00000004) for _main_scatterload
    entry.o(.ARM.Collect$$$$00000000) refers (Special) to entry2.o(.ARM.Collect$$$$00000001) for _main_stk
    rand.o(.text) refers to rand.o(.data) for .data
    printfb.o(i.__0fprintf$bare) refers to printfb.o(i._printf_core) for _printf_core
    printfb.o(i.__0fprintf$bare) refers to bsp_usart.o(.text) for fputc
    printfb.o(i.__0printf$bare) refers to printfb.o(i._printf_core) for _printf_core
    printfb.o(i.__0printf$bare) refers to bsp_usart.o(.text) for fputc
    printfb.o(i.__0printf$bare) refers to stdout.o(.data) for __stdout
    printfb.o(i.__0snprintf$bare) refers to printfb.o(i._printf_core) for _printf_core
    printfb.o(i.__0snprintf$bare) refers to printfb.o(i._snputc) for _snputc
    printfb.o(i.__0sprintf$bare) refers to printfb.o(i._printf_core) for _printf_core
    printfb.o(i.__0sprintf$bare) refers to printfb.o(i._sputc) for _sputc
    printfb.o(i.__0vfprintf$bare) refers to printfb.o(i._printf_core) for _printf_core
    printfb.o(i.__0vfprintf$bare) refers to bsp_usart.o(.text) for fputc
    printfb.o(i.__0vprintf$bare) refers to printfb.o(i._printf_core) for _printf_core
    printfb.o(i.__0vprintf$bare) refers to bsp_usart.o(.text) for fputc
    printfb.o(i.__0vprintf$bare) refers to stdout.o(.data) for __stdout
    printfb.o(i.__0vsnprintf$bare) refers to printfb.o(i._printf_core) for _printf_core
    printfb.o(i.__0vsnprintf$bare) refers to printfb.o(i._snputc) for _snputc
    printfb.o(i.__0vsprintf$bare) refers to printfb.o(i._printf_core) for _printf_core
    printfb.o(i.__0vsprintf$bare) refers to printfb.o(i._sputc) for _sputc
    printf0.o(i.__0fprintf$0) refers to printf0.o(i._printf_core) for _printf_core
    printf0.o(i.__0fprintf$0) refers to bsp_usart.o(.text) for fputc
    printf0.o(i.__0printf$0) refers to printf0.o(i._printf_core) for _printf_core
    printf0.o(i.__0printf$0) refers to bsp_usart.o(.text) for fputc
    printf0.o(i.__0printf$0) refers to stdout.o(.data) for __stdout
    printf0.o(i.__0snprintf$0) refers to printf0.o(i._printf_core) for _printf_core
    printf0.o(i.__0snprintf$0) refers to printf0.o(i._snputc) for _snputc
    printf0.o(i.__0sprintf$0) refers to printf0.o(i._printf_core) for _printf_core
    printf0.o(i.__0sprintf$0) refers to printf0.o(i._sputc) for _sputc
    printf0.o(i.__0vfprintf$0) refers to printf0.o(i._printf_core) for _printf_core
    printf0.o(i.__0vfprintf$0) refers to bsp_usart.o(.text) for fputc
    printf0.o(i.__0vprintf$0) refers to printf0.o(i._printf_core) for _printf_core
    printf0.o(i.__0vprintf$0) refers to bsp_usart.o(.text) for fputc
    printf0.o(i.__0vprintf$0) refers to stdout.o(.data) for __stdout
    printf0.o(i.__0vsnprintf$0) refers to printf0.o(i._printf_core) for _printf_core
    printf0.o(i.__0vsnprintf$0) refers to printf0.o(i._snputc) for _snputc
    printf0.o(i.__0vsprintf$0) refers to printf0.o(i._printf_core) for _printf_core
    printf0.o(i.__0vsprintf$0) refers to printf0.o(i._sputc) for _sputc
    printf1.o(i.__0fprintf$1) refers to printf1.o(i._printf_core) for _printf_core
    printf1.o(i.__0fprintf$1) refers to bsp_usart.o(.text) for fputc
    printf1.o(i.__0printf$1) refers to printf1.o(i._printf_core) for _printf_core
    printf1.o(i.__0printf$1) refers to bsp_usart.o(.text) for fputc
    printf1.o(i.__0printf$1) refers to stdout.o(.data) for __stdout
    printf1.o(i.__0snprintf$1) refers to printf1.o(i._printf_core) for _printf_core
    printf1.o(i.__0snprintf$1) refers to printf1.o(i._snputc) for _snputc
    printf1.o(i.__0sprintf$1) refers to printf1.o(i._printf_core) for _printf_core
    printf1.o(i.__0sprintf$1) refers to printf1.o(i._sputc) for _sputc
    printf1.o(i.__0vfprintf$1) refers to printf1.o(i._printf_core) for _printf_core
    printf1.o(i.__0vfprintf$1) refers to bsp_usart.o(.text) for fputc
    printf1.o(i.__0vprintf$1) refers to printf1.o(i._printf_core) for _printf_core
    printf1.o(i.__0vprintf$1) refers to bsp_usart.o(.text) for fputc
    printf1.o(i.__0vprintf$1) refers to stdout.o(.data) for __stdout
    printf1.o(i.__0vsnprintf$1) refers to printf1.o(i._printf_core) for _printf_core
    printf1.o(i.__0vsnprintf$1) refers to printf1.o(i._snputc) for _snputc
    printf1.o(i.__0vsprintf$1) refers to printf1.o(i._printf_core) for _printf_core
    printf1.o(i.__0vsprintf$1) refers to printf1.o(i._sputc) for _sputc
    printf1.o(i._printf_core) refers to uidiv.o(.text) for __aeabi_uidivmod
    printf2.o(i.__0fprintf$2) refers to printf2.o(i._printf_core) for _printf_core
    printf2.o(i.__0fprintf$2) refers to bsp_usart.o(.text) for fputc
    printf2.o(i.__0printf$2) refers to printf2.o(i._printf_core) for _printf_core
    printf2.o(i.__0printf$2) refers to bsp_usart.o(.text) for fputc
    printf2.o(i.__0printf$2) refers to stdout.o(.data) for __stdout
    printf2.o(i.__0snprintf$2) refers to printf2.o(i._printf_core) for _printf_core
    printf2.o(i.__0snprintf$2) refers to printf2.o(i._snputc) for _snputc
    printf2.o(i.__0sprintf$2) refers to printf2.o(i._printf_core) for _printf_core
    printf2.o(i.__0sprintf$2) refers to printf2.o(i._sputc) for _sputc
    printf2.o(i.__0vfprintf$2) refers to printf2.o(i._printf_core) for _printf_core
    printf2.o(i.__0vfprintf$2) refers to bsp_usart.o(.text) for fputc
    printf2.o(i.__0vprintf$2) refers to printf2.o(i._printf_core) for _printf_core
    printf2.o(i.__0vprintf$2) refers to bsp_usart.o(.text) for fputc
    printf2.o(i.__0vprintf$2) refers to stdout.o(.data) for __stdout
    printf2.o(i.__0vsnprintf$2) refers to printf2.o(i._printf_core) for _printf_core
    printf2.o(i.__0vsnprintf$2) refers to printf2.o(i._snputc) for _snputc
    printf2.o(i.__0vsprintf$2) refers to printf2.o(i._printf_core) for _printf_core
    printf2.o(i.__0vsprintf$2) refers to printf2.o(i._sputc) for _sputc
    printf3.o(i.__0fprintf$3) refers to printf3.o(i._printf_core) for _printf_core
    printf3.o(i.__0fprintf$3) refers to bsp_usart.o(.text) for fputc
    printf3.o(i.__0printf$3) refers to printf3.o(i._printf_core) for _printf_core
    printf3.o(i.__0printf$3) refers to bsp_usart.o(.text) for fputc
    printf3.o(i.__0printf$3) refers to stdout.o(.data) for __stdout
    printf3.o(i.__0snprintf$3) refers to printf3.o(i._printf_core) for _printf_core
    printf3.o(i.__0snprintf$3) refers to printf3.o(i._snputc) for _snputc
    printf3.o(i.__0sprintf$3) refers to printf3.o(i._printf_core) for _printf_core
    printf3.o(i.__0sprintf$3) refers to printf3.o(i._sputc) for _sputc
    printf3.o(i.__0vfprintf$3) refers to printf3.o(i._printf_core) for _printf_core
    printf3.o(i.__0vfprintf$3) refers to bsp_usart.o(.text) for fputc
    printf3.o(i.__0vprintf$3) refers to printf3.o(i._printf_core) for _printf_core
    printf3.o(i.__0vprintf$3) refers to bsp_usart.o(.text) for fputc
    printf3.o(i.__0vprintf$3) refers to stdout.o(.data) for __stdout
    printf3.o(i.__0vsnprintf$3) refers to printf3.o(i._printf_core) for _printf_core
    printf3.o(i.__0vsnprintf$3) refers to printf3.o(i._snputc) for _snputc
    printf3.o(i.__0vsprintf$3) refers to printf3.o(i._printf_core) for _printf_core
    printf3.o(i.__0vsprintf$3) refers to printf3.o(i._sputc) for _sputc
    printf3.o(i._printf_core) refers to uidiv.o(.text) for __aeabi_uidivmod
    printf4.o(i.__0fprintf$4) refers to printf4.o(i._printf_core) for _printf_core
    printf4.o(i.__0fprintf$4) refers to bsp_usart.o(.text) for fputc
    printf4.o(i.__0printf$4) refers to printf4.o(i._printf_core) for _printf_core
    printf4.o(i.__0printf$4) refers to bsp_usart.o(.text) for fputc
    printf4.o(i.__0printf$4) refers to stdout.o(.data) for __stdout
    printf4.o(i.__0snprintf$4) refers to printf4.o(i._printf_core) for _printf_core
    printf4.o(i.__0snprintf$4) refers to printf4.o(i._snputc) for _snputc
    printf4.o(i.__0sprintf$4) refers to printf4.o(i._printf_core) for _printf_core
    printf4.o(i.__0sprintf$4) refers to printf4.o(i._sputc) for _sputc
    printf4.o(i.__0vfprintf$4) refers to printf4.o(i._printf_core) for _printf_core
    printf4.o(i.__0vfprintf$4) refers to bsp_usart.o(.text) for fputc
    printf4.o(i.__0vprintf$4) refers to printf4.o(i._printf_core) for _printf_core
    printf4.o(i.__0vprintf$4) refers to bsp_usart.o(.text) for fputc
    printf4.o(i.__0vprintf$4) refers to stdout.o(.data) for __stdout
    printf4.o(i.__0vsnprintf$4) refers to printf4.o(i._printf_core) for _printf_core
    printf4.o(i.__0vsnprintf$4) refers to printf4.o(i._snputc) for _snputc
    printf4.o(i.__0vsprintf$4) refers to printf4.o(i._printf_core) for _printf_core
    printf4.o(i.__0vsprintf$4) refers to printf4.o(i._sputc) for _sputc
    printf4.o(i._printf_core) refers to uldiv.o(.text) for __aeabi_uldivmod
    printf5.o(i.__0fprintf$5) refers to printf5.o(i._printf_core) for _printf_core
    printf5.o(i.__0fprintf$5) refers to bsp_usart.o(.text) for fputc
    printf5.o(i.__0printf$5) refers to printf5.o(i._printf_core) for _printf_core
    printf5.o(i.__0printf$5) refers to bsp_usart.o(.text) for fputc
    printf5.o(i.__0printf$5) refers to stdout.o(.data) for __stdout
    printf5.o(i.__0snprintf$5) refers to printf5.o(i._printf_core) for _printf_core
    printf5.o(i.__0snprintf$5) refers to printf5.o(i._snputc) for _snputc
    printf5.o(i.__0sprintf$5) refers to printf5.o(i._printf_core) for _printf_core
    printf5.o(i.__0sprintf$5) refers to printf5.o(i._sputc) for _sputc
    printf5.o(i.__0vfprintf$5) refers to printf5.o(i._printf_core) for _printf_core
    printf5.o(i.__0vfprintf$5) refers to bsp_usart.o(.text) for fputc
    printf5.o(i.__0vprintf$5) refers to printf5.o(i._printf_core) for _printf_core
    printf5.o(i.__0vprintf$5) refers to bsp_usart.o(.text) for fputc
    printf5.o(i.__0vprintf$5) refers to stdout.o(.data) for __stdout
    printf5.o(i.__0vsnprintf$5) refers to printf5.o(i._printf_core) for _printf_core
    printf5.o(i.__0vsnprintf$5) refers to printf5.o(i._snputc) for _snputc
    printf5.o(i.__0vsprintf$5) refers to printf5.o(i._printf_core) for _printf_core
    printf5.o(i.__0vsprintf$5) refers to printf5.o(i._sputc) for _sputc
    printf5.o(i._printf_core) refers to uldiv.o(.text) for __aeabi_uldivmod
    printf6.o(i.__0fprintf$6) refers to printf6.o(i._printf_core) for _printf_core
    printf6.o(i.__0fprintf$6) refers to bsp_usart.o(.text) for fputc
    printf6.o(i.__0printf$6) refers to printf6.o(i._printf_core) for _printf_core
    printf6.o(i.__0printf$6) refers to bsp_usart.o(.text) for fputc
    printf6.o(i.__0printf$6) refers to stdout.o(.data) for __stdout
    printf6.o(i.__0snprintf$6) refers to printf6.o(i._printf_core) for _printf_core
    printf6.o(i.__0snprintf$6) refers to printf6.o(i._snputc) for _snputc
    printf6.o(i.__0sprintf$6) refers to printf6.o(i._printf_core) for _printf_core
    printf6.o(i.__0sprintf$6) refers to printf6.o(i._sputc) for _sputc
    printf6.o(i.__0vfprintf$6) refers to printf6.o(i._printf_core) for _printf_core
    printf6.o(i.__0vfprintf$6) refers to bsp_usart.o(.text) for fputc
    printf6.o(i.__0vprintf$6) refers to printf6.o(i._printf_core) for _printf_core
    printf6.o(i.__0vprintf$6) refers to bsp_usart.o(.text) for fputc
    printf6.o(i.__0vprintf$6) refers to stdout.o(.data) for __stdout
    printf6.o(i.__0vsnprintf$6) refers to printf6.o(i._printf_core) for _printf_core
    printf6.o(i.__0vsnprintf$6) refers to printf6.o(i._snputc) for _snputc
    printf6.o(i.__0vsprintf$6) refers to printf6.o(i._printf_core) for _printf_core
    printf6.o(i.__0vsprintf$6) refers to printf6.o(i._sputc) for _sputc
    printf6.o(i._printf_core) refers to printf6.o(i._printf_pre_padding) for _printf_pre_padding
    printf6.o(i._printf_core) refers to uidiv.o(.text) for __aeabi_uidivmod
    printf6.o(i._printf_core) refers to printf6.o(i._printf_post_padding) for _printf_post_padding
    printf7.o(i.__0fprintf$7) refers to printf7.o(i._printf_core) for _printf_core
    printf7.o(i.__0fprintf$7) refers to bsp_usart.o(.text) for fputc
    printf7.o(i.__0printf$7) refers to printf7.o(i._printf_core) for _printf_core
    printf7.o(i.__0printf$7) refers to bsp_usart.o(.text) for fputc
    printf7.o(i.__0printf$7) refers to stdout.o(.data) for __stdout
    printf7.o(i.__0snprintf$7) refers to printf7.o(i._printf_core) for _printf_core
    printf7.o(i.__0snprintf$7) refers to printf7.o(i._snputc) for _snputc
    printf7.o(i.__0sprintf$7) refers to printf7.o(i._printf_core) for _printf_core
    printf7.o(i.__0sprintf$7) refers to printf7.o(i._sputc) for _sputc
    printf7.o(i.__0vfprintf$7) refers to printf7.o(i._printf_core) for _printf_core
    printf7.o(i.__0vfprintf$7) refers to bsp_usart.o(.text) for fputc
    printf7.o(i.__0vprintf$7) refers to printf7.o(i._printf_core) for _printf_core
    printf7.o(i.__0vprintf$7) refers to bsp_usart.o(.text) for fputc
    printf7.o(i.__0vprintf$7) refers to stdout.o(.data) for __stdout
    printf7.o(i.__0vsnprintf$7) refers to printf7.o(i._printf_core) for _printf_core
    printf7.o(i.__0vsnprintf$7) refers to printf7.o(i._snputc) for _snputc
    printf7.o(i.__0vsprintf$7) refers to printf7.o(i._printf_core) for _printf_core
    printf7.o(i.__0vsprintf$7) refers to printf7.o(i._sputc) for _sputc
    printf7.o(i._printf_core) refers to printf7.o(i._printf_pre_padding) for _printf_pre_padding
    printf7.o(i._printf_core) refers to uldiv.o(.text) for __aeabi_uldivmod
    printf7.o(i._printf_core) refers to printf7.o(i._printf_post_padding) for _printf_post_padding
    printf8.o(i.__0fprintf$8) refers to printf8.o(i._printf_core) for _printf_core
    printf8.o(i.__0fprintf$8) refers to bsp_usart.o(.text) for fputc
    printf8.o(i.__0printf$8) refers to printf8.o(i._printf_core) for _printf_core
    printf8.o(i.__0printf$8) refers to bsp_usart.o(.text) for fputc
    printf8.o(i.__0printf$8) refers to stdout.o(.data) for __stdout
    printf8.o(i.__0snprintf$8) refers to printf8.o(i._printf_core) for _printf_core
    printf8.o(i.__0snprintf$8) refers to printf8.o(i._snputc) for _snputc
    printf8.o(i.__0sprintf$8) refers to printf8.o(i._printf_core) for _printf_core
    printf8.o(i.__0sprintf$8) refers to printf8.o(i._sputc) for _sputc
    printf8.o(i.__0vfprintf$8) refers to printf8.o(i._printf_core) for _printf_core
    printf8.o(i.__0vfprintf$8) refers to bsp_usart.o(.text) for fputc
    printf8.o(i.__0vprintf$8) refers to printf8.o(i._printf_core) for _printf_core
    printf8.o(i.__0vprintf$8) refers to bsp_usart.o(.text) for fputc
    printf8.o(i.__0vprintf$8) refers to stdout.o(.data) for __stdout
    printf8.o(i.__0vsnprintf$8) refers to printf8.o(i._printf_core) for _printf_core
    printf8.o(i.__0vsnprintf$8) refers to printf8.o(i._snputc) for _snputc
    printf8.o(i.__0vsprintf$8) refers to printf8.o(i._printf_core) for _printf_core
    printf8.o(i.__0vsprintf$8) refers to printf8.o(i._sputc) for _sputc
    printf8.o(i._printf_core) refers to printf8.o(i._printf_pre_padding) for _printf_pre_padding
    printf8.o(i._printf_core) refers to uldiv.o(.text) for __aeabi_uldivmod
    printf8.o(i._printf_core) refers to printf8.o(i._printf_post_padding) for _printf_post_padding
    printfa.o(i.__0fprintf) refers (Special) to iusefp.o(.text) for __I$use$fp
    printfa.o(i.__0fprintf) refers to printfa.o(i._printf_core) for _printf_core
    printfa.o(i.__0fprintf) refers to bsp_usart.o(.text) for fputc
    printfa.o(i.__0printf) refers (Special) to iusefp.o(.text) for __I$use$fp
    printfa.o(i.__0printf) refers to printfa.o(i._printf_core) for _printf_core
    printfa.o(i.__0printf) refers to bsp_usart.o(.text) for fputc
    printfa.o(i.__0printf) refers to stdout.o(.data) for __stdout
    printfa.o(i.__0snprintf) refers (Special) to iusefp.o(.text) for __I$use$fp
    printfa.o(i.__0snprintf) refers to printfa.o(i._printf_core) for _printf_core
    printfa.o(i.__0snprintf) refers to printfa.o(i._snputc) for _snputc
    printfa.o(i.__0sprintf) refers (Special) to iusefp.o(.text) for __I$use$fp
    printfa.o(i.__0sprintf) refers to printfa.o(i._printf_core) for _printf_core
    printfa.o(i.__0sprintf) refers to printfa.o(i._sputc) for _sputc
    printfa.o(i.__0vfprintf) refers (Special) to iusefp.o(.text) for __I$use$fp
    printfa.o(i.__0vfprintf) refers to printfa.o(i._printf_core) for _printf_core
    printfa.o(i.__0vfprintf) refers to bsp_usart.o(.text) for fputc
    printfa.o(i.__0vprintf) refers (Special) to iusefp.o(.text) for __I$use$fp
    printfa.o(i.__0vprintf) refers to printfa.o(i._printf_core) for _printf_core
    printfa.o(i.__0vprintf) refers to bsp_usart.o(.text) for fputc
    printfa.o(i.__0vprintf) refers to stdout.o(.data) for __stdout
    printfa.o(i.__0vsnprintf) refers (Special) to iusefp.o(.text) for __I$use$fp
    printfa.o(i.__0vsnprintf) refers to printfa.o(i._printf_core) for _printf_core
    printfa.o(i.__0vsnprintf) refers to printfa.o(i._snputc) for _snputc
    printfa.o(i.__0vsprintf) refers (Special) to iusefp.o(.text) for __I$use$fp
    printfa.o(i.__0vsprintf) refers to printfa.o(i._printf_core) for _printf_core
    printfa.o(i.__0vsprintf) refers to printfa.o(i._sputc) for _sputc
    printfa.o(i._fp_digits) refers (Special) to iusefp.o(.text) for __I$use$fp
    printfa.o(i._fp_digits) refers to dmul.o(.text) for __aeabi_dmul
    printfa.o(i._fp_digits) refers to ddiv.o(.text) for __aeabi_ddiv
    printfa.o(i._fp_digits) refers to cdrcmple.o(.text) for __aeabi_cdrcmple
    printfa.o(i._fp_digits) refers to dadd.o(.text) for __aeabi_dadd
    printfa.o(i._fp_digits) refers to dfixul.o(.text) for __aeabi_d2ulz
    printfa.o(i._fp_digits) refers to uldiv.o(.text) for __aeabi_uldivmod
    printfa.o(i._printf_core) refers (Special) to iusefp.o(.text) for __I$use$fp
    printfa.o(i._printf_core) refers to printfa.o(i._printf_pre_padding) for _printf_pre_padding
    printfa.o(i._printf_core) refers to uldiv.o(.text) for __aeabi_uldivmod
    printfa.o(i._printf_core) refers to printfa.o(i._printf_post_padding) for _printf_post_padding
    printfa.o(i._printf_core) refers to printfa.o(i._fp_digits) for _fp_digits
    printfa.o(i._printf_core) refers to uidiv.o(.text) for __aeabi_uidivmod
    printfa.o(i._printf_post_padding) refers (Special) to iusefp.o(.text) for __I$use$fp
    printfa.o(i._printf_pre_padding) refers (Special) to iusefp.o(.text) for __I$use$fp
    printfa.o(i._snputc) refers (Special) to iusefp.o(.text) for __I$use$fp
    printfa.o(i._sputc) refers (Special) to iusefp.o(.text) for __I$use$fp
    dmul.o(.text) refers (Special) to iusefp.o(.text) for __I$use$fp
    dmul.o(.text) refers to depilogue.o(.text) for _double_epilogue
    dflti.o(.text) refers (Special) to iusefp.o(.text) for __I$use$fp
    dflti.o(.text) refers to depilogue.o(.text) for _double_epilogue
    f2d.o(.text) refers (Special) to iusefp.o(.text) for __I$use$fp
    d2f.o(.text) refers (Special) to iusefp.o(.text) for __I$use$fp
    d2f.o(.text) refers to fepilogue.o(.text) for _float_round
    entry2.o(.ARM.Collect$$$$00000001) refers to entry2.o(.ARM.Collect$$$$00002712) for __lit__00000000
    entry2.o(.ARM.Collect$$$$00002712) refers to startup_stm32f10x_hd.o(STACK) for __initial_sp
    entry2.o(__vectab_stack_and_reset_area) refers to startup_stm32f10x_hd.o(STACK) for __initial_sp
    entry2.o(__vectab_stack_and_reset_area) refers to entry.o(.ARM.Collect$$$$00000000) for __main
    entry5.o(.ARM.Collect$$$$00000004) refers to init.o(.text) for __scatterload
    entry9a.o(.ARM.Collect$$$$0000000B) refers to main.o(.text) for main
    entry9b.o(.ARM.Collect$$$$0000000C) refers to main.o(.text) for main
    uldiv.o(.text) refers to llushr.o(.text) for __aeabi_llsr
    uldiv.o(.text) refers to llshl.o(.text) for __aeabi_llsl
    depilogue.o(.text) refers to llshl.o(.text) for __aeabi_llsl
    depilogue.o(.text) refers to llushr.o(.text) for __aeabi_llsr
    dadd.o(.text) refers to llshl.o(.text) for __aeabi_llsl
    dadd.o(.text) refers to llsshr.o(.text) for __aeabi_lasr
    dadd.o(.text) refers to depilogue.o(.text) for _double_epilogue
    ddiv.o(.text) refers to depilogue.o(.text) for _double_round
    dfixul.o(.text) refers to llushr.o(.text) for __aeabi_llsr
    dfixul.o(.text) refers to llshl.o(.text) for __aeabi_llsl
    init.o(.text) refers to entry5.o(.ARM.Collect$$$$00000004) for __main_after_scatterload


==============================================================================

Removing Unused input sections from the image.

    Removing startup_stm32f10x_hd.o(HEAP), (512 bytes).
    Removing core_cm3.o(.emb_text), (32 bytes).
    Removing stm32f10x_adc.o(.text), (1102 bytes).
    Removing stm32f10x_bkp.o(.text), (196 bytes).
    Removing stm32f10x_can.o(.text), (2544 bytes).
    Removing stm32f10x_cec.o(.text), (288 bytes).
    Removing stm32f10x_crc.o(.text), (72 bytes).
    Removing stm32f10x_dac.o(.text), (396 bytes).
    Removing stm32f10x_dbgmcu.o(.text), (48 bytes).
    Removing stm32f10x_dma.o(.text), (596 bytes).
    Removing stm32f10x_exti.o(.text), (284 bytes).
    Removing stm32f10x_flash.o(.text), (1468 bytes).
    Removing stm32f10x_i2c.o(.text), (1028 bytes).
    Removing stm32f10x_iwdg.o(.text), (64 bytes).
    Removing stm32f10x_pwr.o(.text), (204 bytes).
    Removing stm32f10x_rtc.o(.text), (328 bytes).
    Removing stm32f10x_sdio.o(.text), (468 bytes).
    Removing stm32f10x_spi.o(.text), (780 bytes).
    Removing stm32f10x_tim.o(.text), (3610 bytes).
    Removing stm32f10x_wwdg.o(.text), (136 bytes).

20 unused section(s) (total 14156 bytes) removed from the image.

==============================================================================

Image Symbol Table

    Local Symbols

    Symbol Name                              Value     Ov Type        Size  Object(Section)

    ../clib/microlib/division.c              0x00000000   Number         0  uldiv.o ABSOLUTE
    ../clib/microlib/division.c              0x00000000   Number         0  uidiv.o ABSOLUTE
    ../clib/microlib/init/entry.s            0x00000000   Number         0  entry.o ABSOLUTE
    ../clib/microlib/init/entry.s            0x00000000   Number         0  entry2.o ABSOLUTE
    ../clib/microlib/init/entry.s            0x00000000   Number         0  entry10a.o ABSOLUTE
    ../clib/microlib/init/entry.s            0x00000000   Number         0  entry7a.o ABSOLUTE
    ../clib/microlib/init/entry.s            0x00000000   Number         0  entry5.o ABSOLUTE
    ../clib/microlib/init/entry.s            0x00000000   Number         0  entry7b.o ABSOLUTE
    ../clib/microlib/init/entry.s            0x00000000   Number         0  entry11b.o ABSOLUTE
    ../clib/microlib/init/entry.s            0x00000000   Number         0  entry8a.o ABSOLUTE
    ../clib/microlib/init/entry.s            0x00000000   Number         0  entry11a.o ABSOLUTE
    ../clib/microlib/init/entry.s            0x00000000   Number         0  entry8b.o ABSOLUTE
    ../clib/microlib/init/entry.s            0x00000000   Number         0  entry10b.o ABSOLUTE
    ../clib/microlib/init/entry.s            0x00000000   Number         0  entry9a.o ABSOLUTE
    ../clib/microlib/init/entry.s            0x00000000   Number         0  entry9b.o ABSOLUTE
    ../clib/microlib/longlong.c              0x00000000   Number         0  llshl.o ABSOLUTE
    ../clib/microlib/longlong.c              0x00000000   Number         0  llsshr.o ABSOLUTE
    ../clib/microlib/longlong.c              0x00000000   Number         0  llushr.o ABSOLUTE
    ../clib/microlib/printf/printf.c         0x00000000   Number         0  printf3.o ABSOLUTE
    ../clib/microlib/printf/printf.c         0x00000000   Number         0  printf2.o ABSOLUTE
    ../clib/microlib/printf/printf.c         0x00000000   Number         0  printf4.o ABSOLUTE
    ../clib/microlib/printf/printf.c         0x00000000   Number         0  printf5.o ABSOLUTE
    ../clib/microlib/printf/printf.c         0x00000000   Number         0  printf6.o ABSOLUTE
    ../clib/microlib/printf/printf.c         0x00000000   Number         0  printf7.o ABSOLUTE
    ../clib/microlib/printf/printf.c         0x00000000   Number         0  printf8.o ABSOLUTE
    ../clib/microlib/printf/printf.c         0x00000000   Number         0  printfa.o ABSOLUTE
    ../clib/microlib/printf/printf.c         0x00000000   Number         0  printfb.o ABSOLUTE
    ../clib/microlib/printf/printf.c         0x00000000   Number         0  printf0.o ABSOLUTE
    ../clib/microlib/printf/printf.c         0x00000000   Number         0  printf1.o ABSOLUTE
    ../clib/microlib/printf/stubs.s          0x00000000   Number         0  stubs.o ABSOLUTE
    ../clib/microlib/stdio/streams.c         0x00000000   Number         0  stdout.o ABSOLUTE
    ../clib/microlib/stdlib/rand.c           0x00000000   Number         0  rand.o ABSOLUTE
    ../clib/microlib/string/memcpy.c         0x00000000   Number         0  memcpya.o ABSOLUTE
    ../clib/microlib/string/memcpy.c         0x00000000   Number         0  memcpyb.o ABSOLUTE
    ../clib/microlib/string/strchr.c         0x00000000   Number         0  strchr.o ABSOLUTE
    ../clib/microlib/string/strcmp.c         0x00000000   Number         0  strcmp.o ABSOLUTE
    ../clib/microlib/string/strcpy.c         0x00000000   Number         0  strcpy.o ABSOLUTE
    ../clib/microlib/string/strlen.c         0x00000000   Number         0  strlen.o ABSOLUTE
    ../clib/microlib/string/strncmp.c        0x00000000   Number         0  strncmp.o ABSOLUTE
    ../clib/microlib/string/strstr.c         0x00000000   Number         0  strstr.o ABSOLUTE
    ../clib/microlib/stubs.s                 0x00000000   Number         0  iusefp.o ABSOLUTE
    ../fplib/microlib/d2f.c                  0x00000000   Number         0  d2f.o ABSOLUTE
    ../fplib/microlib/f2d.c                  0x00000000   Number         0  f2d.o ABSOLUTE
    ../fplib/microlib/fpadd.c                0x00000000   Number         0  dadd.o ABSOLUTE
    ../fplib/microlib/fpdiv.c                0x00000000   Number         0  ddiv.o ABSOLUTE
    ../fplib/microlib/fpepilogue.c           0x00000000   Number         0  fepilogue.o ABSOLUTE
    ../fplib/microlib/fpepilogue.c           0x00000000   Number         0  depilogue.o ABSOLUTE
    ../fplib/microlib/fpfix.c                0x00000000   Number         0  dfixul.o ABSOLUTE
    ../fplib/microlib/fpflt.c                0x00000000   Number         0  dflti.o ABSOLUTE
    ../fplib/microlib/fpmul.c                0x00000000   Number         0  dmul.o ABSOLUTE
    ..\..\Libraries\CMSIS\core_cm3.c         0x00000000   Number         0  core_cm3.o ABSOLUTE
    ..\..\Libraries\CMSIS\startup\startup_stm32f10x_hd.s 0x00000000   Number         0  startup_stm32f10x_hd.o ABSOLUTE
    ..\..\Libraries\CMSIS\system_stm32f10x.c 0x00000000   Number         0  system_stm32f10x.o ABSOLUTE
    ..\..\Libraries\FWlib\src\misc.c         0x00000000   Number         0  misc.o ABSOLUTE
    ..\..\Libraries\FWlib\src\stm32f10x_adc.c 0x00000000   Number         0  stm32f10x_adc.o ABSOLUTE
    ..\..\Libraries\FWlib\src\stm32f10x_bkp.c 0x00000000   Number         0  stm32f10x_bkp.o ABSOLUTE
    ..\..\Libraries\FWlib\src\stm32f10x_can.c 0x00000000   Number         0  stm32f10x_can.o ABSOLUTE
    ..\..\Libraries\FWlib\src\stm32f10x_cec.c 0x00000000   Number         0  stm32f10x_cec.o ABSOLUTE
    ..\..\Libraries\FWlib\src\stm32f10x_crc.c 0x00000000   Number         0  stm32f10x_crc.o ABSOLUTE
    ..\..\Libraries\FWlib\src\stm32f10x_dac.c 0x00000000   Number         0  stm32f10x_dac.o ABSOLUTE
    ..\..\Libraries\FWlib\src\stm32f10x_dbgmcu.c 0x00000000   Number         0  stm32f10x_dbgmcu.o ABSOLUTE
    ..\..\Libraries\FWlib\src\stm32f10x_dma.c 0x00000000   Number         0  stm32f10x_dma.o ABSOLUTE
    ..\..\Libraries\FWlib\src\stm32f10x_exti.c 0x00000000   Number         0  stm32f10x_exti.o ABSOLUTE
    ..\..\Libraries\FWlib\src\stm32f10x_flash.c 0x00000000   Number         0  stm32f10x_flash.o ABSOLUTE
    ..\..\Libraries\FWlib\src\stm32f10x_fsmc.c 0x00000000   Number         0  stm32f10x_fsmc.o ABSOLUTE
    ..\..\Libraries\FWlib\src\stm32f10x_gpio.c 0x00000000   Number         0  stm32f10x_gpio.o ABSOLUTE
    ..\..\Libraries\FWlib\src\stm32f10x_i2c.c 0x00000000   Number         0  stm32f10x_i2c.o ABSOLUTE
    ..\..\Libraries\FWlib\src\stm32f10x_iwdg.c 0x00000000   Number         0  stm32f10x_iwdg.o ABSOLUTE
    ..\..\Libraries\FWlib\src\stm32f10x_pwr.c 0x00000000   Number         0  stm32f10x_pwr.o ABSOLUTE
    ..\..\Libraries\FWlib\src\stm32f10x_rcc.c 0x00000000   Number         0  stm32f10x_rcc.o ABSOLUTE
    ..\..\Libraries\FWlib\src\stm32f10x_rtc.c 0x00000000   Number         0  stm32f10x_rtc.o ABSOLUTE
    ..\..\Libraries\FWlib\src\stm32f10x_sdio.c 0x00000000   Number         0  stm32f10x_sdio.o ABSOLUTE
    ..\..\Libraries\FWlib\src\stm32f10x_spi.c 0x00000000   Number         0  stm32f10x_spi.o ABSOLUTE
    ..\..\Libraries\FWlib\src\stm32f10x_tim.c 0x00000000   Number         0  stm32f10x_tim.o ABSOLUTE
    ..\..\Libraries\FWlib\src\stm32f10x_usart.c 0x00000000   Number         0  stm32f10x_usart.o ABSOLUTE
    ..\..\Libraries\FWlib\src\stm32f10x_wwdg.c 0x00000000   Number         0  stm32f10x_wwdg.o ABSOLUTE
    ..\..\User\Beep\bsp_beep.c               0x00000000   Number         0  bsp_beep.o ABSOLUTE
    ..\..\User\Key\bsp_key.c                 0x00000000   Number         0  bsp_key.o ABSOLUTE
    ..\..\User\SysTick\bsp_SysTick.c         0x00000000   Number         0  bsp_systick.o ABSOLUTE
    ..\..\User\ds18b20\bsp_ds18b20.c         0x00000000   Number         0  bsp_ds18b20.o ABSOLUTE
    ..\..\User\font\fonts.c                  0x00000000   Number         0  fonts.o ABSOLUTE
    ..\..\User\hc05\bsp_hc05.c               0x00000000   Number         0  bsp_hc05.o ABSOLUTE
    ..\..\User\lcd\bsp_ili9341_lcd.c         0x00000000   Number         0  bsp_ili9341_lcd.o ABSOLUTE
    ..\..\User\led\bsp_led.c                 0x00000000   Number         0  bsp_led.o ABSOLUTE
    ..\..\User\main.c                        0x00000000   Number         0  main.o ABSOLUTE
    ..\..\User\stm32f10x_it.c                0x00000000   Number         0  stm32f10x_it.o ABSOLUTE
    ..\..\User\usart\bsp_usart.c             0x00000000   Number         0  bsp_usart.o ABSOLUTE
    ..\..\User\usart\bsp_usart_blt.c         0x00000000   Number         0  bsp_usart_blt.o ABSOLUTE
    ..\\..\\Libraries\\CMSIS\\core_cm3.c     0x00000000   Number         0  core_cm3.o ABSOLUTE
    cdrcmple.s                               0x00000000   Number         0  cdrcmple.o ABSOLUTE
    dc.s                                     0x00000000   Number         0  dc.o ABSOLUTE
    handlers.s                               0x00000000   Number         0  handlers.o ABSOLUTE
    init.s                                   0x00000000   Number         0  init.o ABSOLUTE
    RESET                                    0x08000000   Section      304  startup_stm32f10x_hd.o(RESET)
    .ARM.Collect$$$$00000000                 0x08000130   Section        0  entry.o(.ARM.Collect$$$$00000000)
    .ARM.Collect$$$$00000001                 0x08000130   Section        4  entry2.o(.ARM.Collect$$$$00000001)
    .ARM.Collect$$$$00000004                 0x08000134   Section        4  entry5.o(.ARM.Collect$$$$00000004)
    .ARM.Collect$$$$00000008                 0x08000138   Section        0  entry7b.o(.ARM.Collect$$$$00000008)
    .ARM.Collect$$$$0000000A                 0x08000138   Section        0  entry8b.o(.ARM.Collect$$$$0000000A)
    .ARM.Collect$$$$0000000B                 0x08000138   Section        8  entry9a.o(.ARM.Collect$$$$0000000B)
    .ARM.Collect$$$$0000000D                 0x08000140   Section        0  entry10a.o(.ARM.Collect$$$$0000000D)
    .ARM.Collect$$$$0000000F                 0x08000140   Section        0  entry11a.o(.ARM.Collect$$$$0000000F)
    .ARM.Collect$$$$00002712                 0x08000140   Section        4  entry2.o(.ARM.Collect$$$$00002712)
    __lit__00000000                          0x08000140   Data           4  entry2.o(.ARM.Collect$$$$00002712)
    .text                                    0x08000144   Section       36  startup_stm32f10x_hd.o(.text)
    .text                                    0x08000168   Section        0  system_stm32f10x.o(.text)
    SetSysClockTo72                          0x08000169   Thumb Code   214  system_stm32f10x.o(.text)
    SetSysClock                              0x0800023f   Thumb Code     8  system_stm32f10x.o(.text)
    .text                                    0x08000348   Section        0  misc.o(.text)
    .text                                    0x08000424   Section        0  stm32f10x_fsmc.o(.text)
    .text                                    0x08000a30   Section        0  stm32f10x_gpio.o(.text)
    .text                                    0x08000d8c   Section        0  stm32f10x_rcc.o(.text)
    .text                                    0x08001130   Section        0  stm32f10x_usart.o(.text)
    .text                                    0x08001538   Section        0  main.o(.text)
    .text                                    0x080020f4   Section        0  stm32f10x_it.o(.text)
    .text                                    0x08002148   Section        0  bsp_systick.o(.text)
    SysTick_Config                           0x08002149   Thumb Code    76  bsp_systick.o(.text)
    .text                                    0x080022f8   Section        0  bsp_hc05.o(.text)
    HC05_GPIO_Config                         0x080022f9   Thumb Code    68  bsp_hc05.o(.text)
    .text                                    0x08002b90   Section        0  bsp_led.o(.text)
    .text                                    0x08002bf0   Section        0  bsp_key.o(.text)
    .text                                    0x08002c58   Section        0  bsp_ili9341_lcd.o(.text)
    ILI9341_Delay                            0x08002c59   Thumb Code    18  bsp_ili9341_lcd.o(.text)
    ILI9341_GPIO_Config                      0x08002c6b   Thumb Code   398  bsp_ili9341_lcd.o(.text)
    ILI9341_FSMC_Config                      0x08002df9   Thumb Code    94  bsp_ili9341_lcd.o(.text)
    ILI9341_REG_Config                       0x08002e57   Thumb Code   570  bsp_ili9341_lcd.o(.text)
    ILI9341_SetCursor                        0x08003201   Thumb Code    20  bsp_ili9341_lcd.o(.text)
    ILI9341_FillColor                        0x08003215   Thumb Code    32  bsp_ili9341_lcd.o(.text)
    ILI9341_Read_PixelData                   0x08003287   Thumb Code    54  bsp_ili9341_lcd.o(.text)
    .text                                    0x0800374c   Section        0  bsp_usart.o(.text)
    .text                                    0x08003880   Section        0  bsp_usart_blt.o(.text)
    NVIC_Configuration                       0x08003881   Thumb Code    38  bsp_usart_blt.o(.text)
    Usart_SendByte                           0x08003933   Thumb Code    30  bsp_usart_blt.o(.text)
    .text                                    0x08003a08   Section        0  bsp_beep.o(.text)
    Beep_GPIO_Config                         0x08003a09   Thumb Code    40  bsp_beep.o(.text)
    .text                                    0x08003a48   Section        0  bsp_ds18b20.o(.text)
    DS18B20_Mode_IPU                         0x08003a49   Thumb Code    24  bsp_ds18b20.o(.text)
    DS18B20_Presence                         0x08003a61   Thumb Code   114  bsp_ds18b20.o(.text)
    DS18B20_Mode_Out_PP                      0x08003ad3   Thumb Code    30  bsp_ds18b20.o(.text)
    DS18B20_Rst                              0x08003af1   Thumb Code    42  bsp_ds18b20.o(.text)
    DS18B20_GPIO_Config                      0x08003b1b   Thumb Code    38  bsp_ds18b20.o(.text)
    DS18B20_ReadBit                          0x08003b5f   Thumb Code    52  bsp_ds18b20.o(.text)
    DS18B20_ReadByte                         0x08003b93   Thumb Code    34  bsp_ds18b20.o(.text)
    DS18B20_WriteByte                        0x08003bb5   Thumb Code    88  bsp_ds18b20.o(.text)
    DS18B20_SkipRom                          0x08003c0d   Thumb Code    18  bsp_ds18b20.o(.text)
    DS18B20_MatchRom                         0x08003c1f   Thumb Code    18  bsp_ds18b20.o(.text)
    .text                                    0x08003e0c   Section        0  rand.o(.text)
    .text                                    0x08003e30   Section        0  memcpya.o(.text)
    .text                                    0x08003e54   Section        0  strstr.o(.text)
    .text                                    0x08003e78   Section        0  strchr.o(.text)
    .text                                    0x08003e8c   Section        0  strlen.o(.text)
    .text                                    0x08003e9a   Section        0  strcmp.o(.text)
    .text                                    0x08003eb6   Section        0  strcpy.o(.text)
    .text                                    0x08003ec8   Section        0  strncmp.o(.text)
    .text                                    0x08003ee6   Section        0  dmul.o(.text)
    .text                                    0x08003fca   Section        0  dflti.o(.text)
    .text                                    0x08003fec   Section        0  f2d.o(.text)
    .text                                    0x08004012   Section        0  d2f.o(.text)
    .text                                    0x0800404a   Section        0  uidiv.o(.text)
    .text                                    0x08004076   Section        0  uldiv.o(.text)
    .text                                    0x080040d8   Section        0  iusefp.o(.text)
    .text                                    0x080040d8   Section        0  fepilogue.o(.text)
    .text                                    0x08004146   Section        0  depilogue.o(.text)
    .text                                    0x08004200   Section        0  dadd.o(.text)
    .text                                    0x0800434e   Section        0  ddiv.o(.text)
    .text                                    0x0800442c   Section        0  dfixul.o(.text)
    .text                                    0x0800445c   Section       48  cdrcmple.o(.text)
    .text                                    0x0800448c   Section       36  init.o(.text)
    .text                                    0x080044b0   Section        0  llshl.o(.text)
    .text                                    0x080044ce   Section        0  llushr.o(.text)
    .text                                    0x080044ee   Section        0  llsshr.o(.text)
    i.ILI9341_Read_Data                      0x08004514   Section        0  bsp_ili9341_lcd.o(i.ILI9341_Read_Data)
    i.ILI9341_Write_Cmd                      0x08004520   Section        0  bsp_ili9341_lcd.o(i.ILI9341_Write_Cmd)
    i.ILI9341_Write_Data                     0x08004528   Section        0  bsp_ili9341_lcd.o(i.ILI9341_Write_Data)
    i.__0printf                              0x08004534   Section        0  printfa.o(i.__0printf)
    i.__0sprintf                             0x08004554   Section        0  printfa.o(i.__0sprintf)
    i.__scatterload_copy                     0x0800457c   Section       14  handlers.o(i.__scatterload_copy)
    i.__scatterload_null                     0x0800458a   Section        2  handlers.o(i.__scatterload_null)
    i.__scatterload_zeroinit                 0x0800458c   Section       14  handlers.o(i.__scatterload_zeroinit)
    i._fp_digits                             0x0800459c   Section        0  printfa.o(i._fp_digits)
    _fp_digits                               0x0800459d   Thumb Code   334  printfa.o(i._fp_digits)
    i._printf_core                           0x08004700   Section        0  printfa.o(i._printf_core)
    _printf_core                             0x08004701   Thumb Code  1744  printfa.o(i._printf_core)
    i._printf_post_padding                   0x08004ddc   Section        0  printfa.o(i._printf_post_padding)
    _printf_post_padding                     0x08004ddd   Thumb Code    36  printfa.o(i._printf_post_padding)
    i._printf_pre_padding                    0x08004e00   Section        0  printfa.o(i._printf_pre_padding)
    _printf_pre_padding                      0x08004e01   Thumb Code    46  printfa.o(i._printf_pre_padding)
    i._sputc                                 0x08004e2e   Section        0  printfa.o(i._sputc)
    _sputc                                   0x08004e2f   Thumb Code    10  printfa.o(i._sputc)
    .constdata                               0x08004e38   Section       42  main.o(.constdata)
    .constdata                               0x08004e62   Section    15200  fonts.o(.constdata)
    .conststring                             0x080089c4   Section       89  main.o(.conststring)
    .data                                    0x20000000   Section       20  system_stm32f10x.o(.data)
    .data                                    0x20000014   Section       20  stm32f10x_rcc.o(.data)
    APBAHBPrescTable                         0x20000014   Data          16  stm32f10x_rcc.o(.data)
    ADCPrescTable                            0x20000024   Data           4  stm32f10x_rcc.o(.data)
    .data                                    0x20000028   Section        3  main.o(.data)
    hc05_role                                0x20000028   Data           1  main.o(.data)
    color                                    0x20000029   Data           1  main.o(.data)
    testdata                                 0x2000002a   Data           1  main.o(.data)
    .data                                    0x2000002c   Section        8  bsp_systick.o(.data)
    TimingDelay                              0x2000002c   Data           4  bsp_systick.o(.data)
    .data                                    0x20000034   Section       16  bsp_ili9341_lcd.o(.data)
    LCD_Currentfonts                         0x2000003c   Data           4  bsp_ili9341_lcd.o(.data)
    CurrentTextColor                         0x20000040   Data           2  bsp_ili9341_lcd.o(.data)
    CurrentBackColor                         0x20000042   Data           2  bsp_ili9341_lcd.o(.data)
    .data                                    0x20000044   Section       24  fonts.o(.data)
    .data                                    0x2000005c   Section        2  bsp_usart_blt.o(.data)
    .data                                    0x20000060   Section        4  rand.o(.data)
    _rand_state                              0x20000060   Data           4  rand.o(.data)
    .data                                    0x20000064   Section        4  stdout.o(.data)
    .bss                                     0x20000068   Section     2604  main.o(.bss)
    .bss                                     0x20000a94   Section     1024  bsp_usart_blt.o(.bss)
    STACK                                    0x20000e98   Section     4096  startup_stm32f10x_hd.o(STACK)

    Global Symbols

    Symbol Name                              Value     Ov Type        Size  Object(Section)

    BuildAttributes$$THM_ISAv4$P$D$K$B$S$PE$A:L22UL41UL21$X:L11$S22US41US21$IEEE1$IW$USESV6$~STKCKD$USESV7$~SHL$OTIME$ROPI$EBA8$MICROLIB$REQ8$PRES8$EABIv2 0x00000000   Number         0  anon$$obj.o ABSOLUTE
    __ARM_use_no_argv                        0x00000000   Number         0  main.o ABSOLUTE
    _printf_a                                0x00000000   Number         0  stubs.o ABSOLUTE
    _printf_c                                0x00000000   Number         0  stubs.o ABSOLUTE
    _printf_charcount                        0x00000000   Number         0  stubs.o ABSOLUTE
    _printf_d                                0x00000000   Number         0  stubs.o ABSOLUTE
    _printf_e                                0x00000000   Number         0  stubs.o ABSOLUTE
    _printf_f                                0x00000000   Number         0  stubs.o ABSOLUTE
    _printf_flags                            0x00000000   Number         0  stubs.o ABSOLUTE
    _printf_fp_dec                           0x00000000   Number         0  stubs.o ABSOLUTE
    _printf_fp_hex                           0x00000000   Number         0  stubs.o ABSOLUTE
    _printf_g                                0x00000000   Number         0  stubs.o ABSOLUTE
    _printf_i                                0x00000000   Number         0  stubs.o ABSOLUTE
    _printf_int_dec                          0x00000000   Number         0  stubs.o ABSOLUTE
    _printf_l                                0x00000000   Number         0  stubs.o ABSOLUTE
    _printf_lc                               0x00000000   Number         0  stubs.o ABSOLUTE
    _printf_ll                               0x00000000   Number         0  stubs.o ABSOLUTE
    _printf_lld                              0x00000000   Number         0  stubs.o ABSOLUTE
    _printf_lli                              0x00000000   Number         0  stubs.o ABSOLUTE
    _printf_llo                              0x00000000   Number         0  stubs.o ABSOLUTE
    _printf_llu                              0x00000000   Number         0  stubs.o ABSOLUTE
    _printf_llx                              0x00000000   Number         0  stubs.o ABSOLUTE
    _printf_longlong_dec                     0x00000000   Number         0  stubs.o ABSOLUTE
    _printf_longlong_hex                     0x00000000   Number         0  stubs.o ABSOLUTE
    _printf_longlong_oct                     0x00000000   Number         0  stubs.o ABSOLUTE
    _printf_ls                               0x00000000   Number         0  stubs.o ABSOLUTE
    _printf_mbtowc                           0x00000000   Number         0  stubs.o ABSOLUTE
    _printf_n                                0x00000000   Number         0  stubs.o ABSOLUTE
    _printf_o                                0x00000000   Number         0  stubs.o ABSOLUTE
    _printf_p                                0x00000000   Number         0  stubs.o ABSOLUTE
    _printf_percent                          0x00000000   Number         0  stubs.o ABSOLUTE
    _printf_pre_padding                      0x00000000   Number         0  stubs.o ABSOLUTE
    _printf_return_value                     0x00000000   Number         0  stubs.o ABSOLUTE
    _printf_s                                0x00000000   Number         0  stubs.o ABSOLUTE
    _printf_sizespec                         0x00000000   Number         0  stubs.o ABSOLUTE
    _printf_str                              0x00000000   Number         0  stubs.o ABSOLUTE
    _printf_truncate_signed                  0x00000000   Number         0  stubs.o ABSOLUTE
    _printf_truncate_unsigned                0x00000000   Number         0  stubs.o ABSOLUTE
    _printf_u                                0x00000000   Number         0  stubs.o ABSOLUTE
    _printf_wc                               0x00000000   Number         0  stubs.o ABSOLUTE
    _printf_wctomb                           0x00000000   Number         0  stubs.o ABSOLUTE
    _printf_widthprec                        0x00000000   Number         0  stubs.o ABSOLUTE
    _printf_x                                0x00000000   Number         0  stubs.o ABSOLUTE
    __cpp_initialize__aeabi_                  - Undefined Weak Reference
    __cxa_finalize                            - Undefined Weak Reference
    __decompress                              - Undefined Weak Reference
    _clock_init                               - Undefined Weak Reference
    _microlib_exit                            - Undefined Weak Reference
    __Vectors_Size                           0x00000130   Number         0  startup_stm32f10x_hd.o ABSOLUTE
    __Vectors                                0x08000000   Data           4  startup_stm32f10x_hd.o(RESET)
    __Vectors_End                            0x08000130   Data           0  startup_stm32f10x_hd.o(RESET)
    __main                                   0x08000131   Thumb Code     0  entry.o(.ARM.Collect$$$$00000000)
    _main_stk                                0x08000131   Thumb Code     0  entry2.o(.ARM.Collect$$$$00000001)
    _main_scatterload                        0x08000135   Thumb Code     0  entry5.o(.ARM.Collect$$$$00000004)
    __main_after_scatterload                 0x08000139   Thumb Code     0  entry5.o(.ARM.Collect$$$$00000004)
    _main_clock                              0x08000139   Thumb Code     0  entry7b.o(.ARM.Collect$$$$00000008)
    _main_cpp_init                           0x08000139   Thumb Code     0  entry8b.o(.ARM.Collect$$$$0000000A)
    _main_init                               0x08000139   Thumb Code     0  entry9a.o(.ARM.Collect$$$$0000000B)
    __rt_final_cpp                           0x08000141   Thumb Code     0  entry10a.o(.ARM.Collect$$$$0000000D)
    __rt_final_exit                          0x08000141   Thumb Code     0  entry11a.o(.ARM.Collect$$$$0000000F)
    Reset_Handler                            0x08000145   Thumb Code     8  startup_stm32f10x_hd.o(.text)
    ADC1_2_IRQHandler                        0x0800015f   Thumb Code     0  startup_stm32f10x_hd.o(.text)
    ADC3_IRQHandler                          0x0800015f   Thumb Code     0  startup_stm32f10x_hd.o(.text)
    CAN1_RX1_IRQHandler                      0x0800015f   Thumb Code     0  startup_stm32f10x_hd.o(.text)
    CAN1_SCE_IRQHandler                      0x0800015f   Thumb Code     0  startup_stm32f10x_hd.o(.text)
    DMA1_Channel1_IRQHandler                 0x0800015f   Thumb Code     0  startup_stm32f10x_hd.o(.text)
    DMA1_Channel2_IRQHandler                 0x0800015f   Thumb Code     0  startup_stm32f10x_hd.o(.text)
    DMA1_Channel3_IRQHandler                 0x0800015f   Thumb Code     0  startup_stm32f10x_hd.o(.text)
    DMA1_Channel4_IRQHandler                 0x0800015f   Thumb Code     0  startup_stm32f10x_hd.o(.text)
    DMA1_Channel5_IRQHandler                 0x0800015f   Thumb Code     0  startup_stm32f10x_hd.o(.text)
    DMA1_Channel6_IRQHandler                 0x0800015f   Thumb Code     0  startup_stm32f10x_hd.o(.text)
    DMA1_Channel7_IRQHandler                 0x0800015f   Thumb Code     0  startup_stm32f10x_hd.o(.text)
    DMA2_Channel1_IRQHandler                 0x0800015f   Thumb Code     0  startup_stm32f10x_hd.o(.text)
    DMA2_Channel2_IRQHandler                 0x0800015f   Thumb Code     0  startup_stm32f10x_hd.o(.text)
    DMA2_Channel3_IRQHandler                 0x0800015f   Thumb Code     0  startup_stm32f10x_hd.o(.text)
    DMA2_Channel4_5_IRQHandler               0x0800015f   Thumb Code     0  startup_stm32f10x_hd.o(.text)
    EXTI0_IRQHandler                         0x0800015f   Thumb Code     0  startup_stm32f10x_hd.o(.text)
    EXTI15_10_IRQHandler                     0x0800015f   Thumb Code     0  startup_stm32f10x_hd.o(.text)
    EXTI1_IRQHandler                         0x0800015f   Thumb Code     0  startup_stm32f10x_hd.o(.text)
    EXTI2_IRQHandler                         0x0800015f   Thumb Code     0  startup_stm32f10x_hd.o(.text)
    EXTI3_IRQHandler                         0x0800015f   Thumb Code     0  startup_stm32f10x_hd.o(.text)
    EXTI4_IRQHandler                         0x0800015f   Thumb Code     0  startup_stm32f10x_hd.o(.text)
    EXTI9_5_IRQHandler                       0x0800015f   Thumb Code     0  startup_stm32f10x_hd.o(.text)
    FLASH_IRQHandler                         0x0800015f   Thumb Code     0  startup_stm32f10x_hd.o(.text)
    FSMC_IRQHandler                          0x0800015f   Thumb Code     0  startup_stm32f10x_hd.o(.text)
    I2C1_ER_IRQHandler                       0x0800015f   Thumb Code     0  startup_stm32f10x_hd.o(.text)
    I2C1_EV_IRQHandler                       0x0800015f   Thumb Code     0  startup_stm32f10x_hd.o(.text)
    I2C2_ER_IRQHandler                       0x0800015f   Thumb Code     0  startup_stm32f10x_hd.o(.text)
    I2C2_EV_IRQHandler                       0x0800015f   Thumb Code     0  startup_stm32f10x_hd.o(.text)
    PVD_IRQHandler                           0x0800015f   Thumb Code     0  startup_stm32f10x_hd.o(.text)
    RCC_IRQHandler                           0x0800015f   Thumb Code     0  startup_stm32f10x_hd.o(.text)
    RTCAlarm_IRQHandler                      0x0800015f   Thumb Code     0  startup_stm32f10x_hd.o(.text)
    RTC_IRQHandler                           0x0800015f   Thumb Code     0  startup_stm32f10x_hd.o(.text)
    SDIO_IRQHandler                          0x0800015f   Thumb Code     0  startup_stm32f10x_hd.o(.text)
    SPI1_IRQHandler                          0x0800015f   Thumb Code     0  startup_stm32f10x_hd.o(.text)
    SPI2_IRQHandler                          0x0800015f   Thumb Code     0  startup_stm32f10x_hd.o(.text)
    SPI3_IRQHandler                          0x0800015f   Thumb Code     0  startup_stm32f10x_hd.o(.text)
    TAMPER_IRQHandler                        0x0800015f   Thumb Code     0  startup_stm32f10x_hd.o(.text)
    TIM1_BRK_IRQHandler                      0x0800015f   Thumb Code     0  startup_stm32f10x_hd.o(.text)
    TIM1_CC_IRQHandler                       0x0800015f   Thumb Code     0  startup_stm32f10x_hd.o(.text)
    TIM1_TRG_COM_IRQHandler                  0x0800015f   Thumb Code     0  startup_stm32f10x_hd.o(.text)
    TIM1_UP_IRQHandler                       0x0800015f   Thumb Code     0  startup_stm32f10x_hd.o(.text)
    TIM2_IRQHandler                          0x0800015f   Thumb Code     0  startup_stm32f10x_hd.o(.text)
    TIM3_IRQHandler                          0x0800015f   Thumb Code     0  startup_stm32f10x_hd.o(.text)
    TIM4_IRQHandler                          0x0800015f   Thumb Code     0  startup_stm32f10x_hd.o(.text)
    TIM5_IRQHandler                          0x0800015f   Thumb Code     0  startup_stm32f10x_hd.o(.text)
    TIM6_IRQHandler                          0x0800015f   Thumb Code     0  startup_stm32f10x_hd.o(.text)
    TIM7_IRQHandler                          0x0800015f   Thumb Code     0  startup_stm32f10x_hd.o(.text)
    TIM8_BRK_IRQHandler                      0x0800015f   Thumb Code     0  startup_stm32f10x_hd.o(.text)
    TIM8_CC_IRQHandler                       0x0800015f   Thumb Code     0  startup_stm32f10x_hd.o(.text)
    TIM8_TRG_COM_IRQHandler                  0x0800015f   Thumb Code     0  startup_stm32f10x_hd.o(.text)
    TIM8_UP_IRQHandler                       0x0800015f   Thumb Code     0  startup_stm32f10x_hd.o(.text)
    UART4_IRQHandler                         0x0800015f   Thumb Code     0  startup_stm32f10x_hd.o(.text)
    UART5_IRQHandler                         0x0800015f   Thumb Code     0  startup_stm32f10x_hd.o(.text)
    USART1_IRQHandler                        0x0800015f   Thumb Code     0  startup_stm32f10x_hd.o(.text)
    USART3_IRQHandler                        0x0800015f   Thumb Code     0  startup_stm32f10x_hd.o(.text)
    USBWakeUp_IRQHandler                     0x0800015f   Thumb Code     0  startup_stm32f10x_hd.o(.text)
    USB_HP_CAN1_TX_IRQHandler                0x0800015f   Thumb Code     0  startup_stm32f10x_hd.o(.text)
    USB_LP_CAN1_RX0_IRQHandler               0x0800015f   Thumb Code     0  startup_stm32f10x_hd.o(.text)
    WWDG_IRQHandler                          0x0800015f   Thumb Code     0  startup_stm32f10x_hd.o(.text)
    SystemInit                               0x08000247   Thumb Code    78  system_stm32f10x.o(.text)
    SystemCoreClockUpdate                    0x08000295   Thumb Code   142  system_stm32f10x.o(.text)
    NVIC_PriorityGroupConfig                 0x08000349   Thumb Code    10  misc.o(.text)
    NVIC_Init                                0x08000353   Thumb Code   100  misc.o(.text)
    NVIC_SetVectorTable                      0x080003b7   Thumb Code    14  misc.o(.text)
    NVIC_SystemLPConfig                      0x080003c5   Thumb Code    34  misc.o(.text)
    SysTick_CLKSourceConfig                  0x080003e7   Thumb Code    40  misc.o(.text)
    FSMC_NORSRAMDeInit                       0x08000425   Thumb Code    54  stm32f10x_fsmc.o(.text)
    FSMC_NANDDeInit                          0x0800045b   Thumb Code    62  stm32f10x_fsmc.o(.text)
    FSMC_PCCARDDeInit                        0x08000499   Thumb Code    36  stm32f10x_fsmc.o(.text)
    FSMC_NORSRAMInit                         0x080004bd   Thumb Code   230  stm32f10x_fsmc.o(.text)
    FSMC_NANDInit                            0x080005a3   Thumb Code   132  stm32f10x_fsmc.o(.text)
    FSMC_PCCARDInit                          0x08000627   Thumb Code   130  stm32f10x_fsmc.o(.text)
    FSMC_NORSRAMStructInit                   0x080006a9   Thumb Code   114  stm32f10x_fsmc.o(.text)
    FSMC_NANDStructInit                      0x0800071b   Thumb Code    54  stm32f10x_fsmc.o(.text)
    FSMC_PCCARDStructInit                    0x08000751   Thumb Code    60  stm32f10x_fsmc.o(.text)
    FSMC_NORSRAMCmd                          0x0800078d   Thumb Code    46  stm32f10x_fsmc.o(.text)
    FSMC_NANDCmd                             0x080007bb   Thumb Code    86  stm32f10x_fsmc.o(.text)
    FSMC_PCCARDCmd                           0x08000811   Thumb Code    44  stm32f10x_fsmc.o(.text)
    FSMC_NANDECCCmd                          0x0800083d   Thumb Code    90  stm32f10x_fsmc.o(.text)
    FSMC_GetECC                              0x08000897   Thumb Code    24  stm32f10x_fsmc.o(.text)
    FSMC_ITConfig                            0x080008af   Thumb Code   128  stm32f10x_fsmc.o(.text)
    FSMC_GetFlagStatus                       0x0800092f   Thumb Code    54  stm32f10x_fsmc.o(.text)
    FSMC_ClearFlag                           0x08000965   Thumb Code    62  stm32f10x_fsmc.o(.text)
    FSMC_GetITStatus                         0x080009a3   Thumb Code    64  stm32f10x_fsmc.o(.text)
    FSMC_ClearITPendingBit                   0x080009e3   Thumb Code    68  stm32f10x_fsmc.o(.text)
    GPIO_DeInit                              0x08000a31   Thumb Code   172  stm32f10x_gpio.o(.text)
    GPIO_AFIODeInit                          0x08000add   Thumb Code    20  stm32f10x_gpio.o(.text)
    GPIO_Init                                0x08000af1   Thumb Code   278  stm32f10x_gpio.o(.text)
    GPIO_StructInit                          0x08000c07   Thumb Code    16  stm32f10x_gpio.o(.text)
    GPIO_ReadInputDataBit                    0x08000c17   Thumb Code    18  stm32f10x_gpio.o(.text)
    GPIO_ReadInputData                       0x08000c29   Thumb Code     8  stm32f10x_gpio.o(.text)
    GPIO_ReadOutputDataBit                   0x08000c31   Thumb Code    18  stm32f10x_gpio.o(.text)
    GPIO_ReadOutputData                      0x08000c43   Thumb Code     8  stm32f10x_gpio.o(.text)
    GPIO_SetBits                             0x08000c4b   Thumb Code     4  stm32f10x_gpio.o(.text)
    GPIO_ResetBits                           0x08000c4f   Thumb Code     4  stm32f10x_gpio.o(.text)
    GPIO_WriteBit                            0x08000c53   Thumb Code    10  stm32f10x_gpio.o(.text)
    GPIO_Write                               0x08000c5d   Thumb Code     4  stm32f10x_gpio.o(.text)
    GPIO_PinLockConfig                       0x08000c61   Thumb Code    18  stm32f10x_gpio.o(.text)
    GPIO_EventOutputConfig                   0x08000c73   Thumb Code    26  stm32f10x_gpio.o(.text)
    GPIO_EventOutputCmd                      0x08000c8d   Thumb Code     6  stm32f10x_gpio.o(.text)
    GPIO_PinRemapConfig                      0x08000c93   Thumb Code   138  stm32f10x_gpio.o(.text)
    GPIO_EXTILineConfig                      0x08000d1d   Thumb Code    66  stm32f10x_gpio.o(.text)
    GPIO_ETH_MediaInterfaceConfig            0x08000d5f   Thumb Code     8  stm32f10x_gpio.o(.text)
    RCC_DeInit                               0x08000d8d   Thumb Code    64  stm32f10x_rcc.o(.text)
    RCC_HSEConfig                            0x08000dcd   Thumb Code    70  stm32f10x_rcc.o(.text)
    RCC_GetFlagStatus                        0x08000e13   Thumb Code    56  stm32f10x_rcc.o(.text)
    RCC_WaitForHSEStartUp                    0x08000e4b   Thumb Code    56  stm32f10x_rcc.o(.text)
    RCC_AdjustHSICalibrationValue            0x08000e83   Thumb Code    20  stm32f10x_rcc.o(.text)
    RCC_HSICmd                               0x08000e97   Thumb Code     6  stm32f10x_rcc.o(.text)
    RCC_PLLConfig                            0x08000e9d   Thumb Code    24  stm32f10x_rcc.o(.text)
    RCC_PLLCmd                               0x08000eb5   Thumb Code     6  stm32f10x_rcc.o(.text)
    RCC_SYSCLKConfig                         0x08000ebb   Thumb Code    18  stm32f10x_rcc.o(.text)
    RCC_GetSYSCLKSource                      0x08000ecd   Thumb Code    10  stm32f10x_rcc.o(.text)
    RCC_HCLKConfig                           0x08000ed7   Thumb Code    18  stm32f10x_rcc.o(.text)
    RCC_PCLK1Config                          0x08000ee9   Thumb Code    18  stm32f10x_rcc.o(.text)
    RCC_PCLK2Config                          0x08000efb   Thumb Code    20  stm32f10x_rcc.o(.text)
    RCC_ITConfig                             0x08000f0f   Thumb Code    26  stm32f10x_rcc.o(.text)
    RCC_USBCLKConfig                         0x08000f29   Thumb Code     8  stm32f10x_rcc.o(.text)
    RCC_ADCCLKConfig                         0x08000f31   Thumb Code    18  stm32f10x_rcc.o(.text)
    RCC_LSEConfig                            0x08000f43   Thumb Code    50  stm32f10x_rcc.o(.text)
    RCC_LSICmd                               0x08000f75   Thumb Code     6  stm32f10x_rcc.o(.text)
    RCC_RTCCLKConfig                         0x08000f7b   Thumb Code    12  stm32f10x_rcc.o(.text)
    RCC_RTCCLKCmd                            0x08000f87   Thumb Code     8  stm32f10x_rcc.o(.text)
    RCC_GetClocksFreq                        0x08000f8f   Thumb Code   192  stm32f10x_rcc.o(.text)
    RCC_AHBPeriphClockCmd                    0x0800104f   Thumb Code    26  stm32f10x_rcc.o(.text)
    RCC_APB2PeriphClockCmd                   0x08001069   Thumb Code    26  stm32f10x_rcc.o(.text)
    RCC_APB1PeriphClockCmd                   0x08001083   Thumb Code    26  stm32f10x_rcc.o(.text)
    RCC_APB2PeriphResetCmd                   0x0800109d   Thumb Code    26  stm32f10x_rcc.o(.text)
    RCC_APB1PeriphResetCmd                   0x080010b7   Thumb Code    26  stm32f10x_rcc.o(.text)
    RCC_BackupResetCmd                       0x080010d1   Thumb Code     8  stm32f10x_rcc.o(.text)
    RCC_ClockSecuritySystemCmd               0x080010d9   Thumb Code     6  stm32f10x_rcc.o(.text)
    RCC_MCOConfig                            0x080010df   Thumb Code     6  stm32f10x_rcc.o(.text)
    RCC_ClearFlag                            0x080010e5   Thumb Code    14  stm32f10x_rcc.o(.text)
    RCC_GetITStatus                          0x080010f3   Thumb Code    20  stm32f10x_rcc.o(.text)
    RCC_ClearITPendingBit                    0x08001107   Thumb Code     6  stm32f10x_rcc.o(.text)
    USART_DeInit                             0x08001131   Thumb Code   134  stm32f10x_usart.o(.text)
    USART_Init                               0x080011b7   Thumb Code   210  stm32f10x_usart.o(.text)
    USART_StructInit                         0x08001289   Thumb Code    24  stm32f10x_usart.o(.text)
    USART_ClockInit                          0x080012a1   Thumb Code    34  stm32f10x_usart.o(.text)
    USART_ClockStructInit                    0x080012c3   Thumb Code    12  stm32f10x_usart.o(.text)
    USART_Cmd                                0x080012cf   Thumb Code    24  stm32f10x_usart.o(.text)
    USART_ITConfig                           0x080012e7   Thumb Code    74  stm32f10x_usart.o(.text)
    USART_DMACmd                             0x08001331   Thumb Code    18  stm32f10x_usart.o(.text)
    USART_SetAddress                         0x08001343   Thumb Code    18  stm32f10x_usart.o(.text)
    USART_WakeUpConfig                       0x08001355   Thumb Code    18  stm32f10x_usart.o(.text)
    USART_ReceiverWakeUpCmd                  0x08001367   Thumb Code    24  stm32f10x_usart.o(.text)
    USART_LINBreakDetectLengthConfig         0x0800137f   Thumb Code    18  stm32f10x_usart.o(.text)
    USART_LINCmd                             0x08001391   Thumb Code    24  stm32f10x_usart.o(.text)
    USART_SendData                           0x080013a9   Thumb Code     8  stm32f10x_usart.o(.text)
    USART_ReceiveData                        0x080013b1   Thumb Code    10  stm32f10x_usart.o(.text)
    USART_SendBreak                          0x080013bb   Thumb Code    10  stm32f10x_usart.o(.text)
    USART_SetGuardTime                       0x080013c5   Thumb Code    16  stm32f10x_usart.o(.text)
    USART_SetPrescaler                       0x080013d5   Thumb Code    16  stm32f10x_usart.o(.text)
    USART_SmartCardCmd                       0x080013e5   Thumb Code    24  stm32f10x_usart.o(.text)
    USART_SmartCardNACKCmd                   0x080013fd   Thumb Code    24  stm32f10x_usart.o(.text)
    USART_HalfDuplexCmd                      0x08001415   Thumb Code    24  stm32f10x_usart.o(.text)
    USART_OverSampling8Cmd                   0x0800142d   Thumb Code    22  stm32f10x_usart.o(.text)
    USART_OneBitMethodCmd                    0x08001443   Thumb Code    24  stm32f10x_usart.o(.text)
    USART_IrDAConfig                         0x0800145b   Thumb Code    18  stm32f10x_usart.o(.text)
    USART_IrDACmd                            0x0800146d   Thumb Code    24  stm32f10x_usart.o(.text)
    USART_GetFlagStatus                      0x08001485   Thumb Code    26  stm32f10x_usart.o(.text)
    USART_ClearFlag                          0x0800149f   Thumb Code    18  stm32f10x_usart.o(.text)
    USART_GetITStatus                        0x080014b1   Thumb Code    84  stm32f10x_usart.o(.text)
    USART_ClearITPendingBit                  0x08001505   Thumb Code    52  stm32f10x_usart.o(.text)
    main                                     0x08001539   Thumb Code  2548  main.o(.text)
    NMI_Handler                              0x080020f5   Thumb Code     2  stm32f10x_it.o(.text)
    HardFault_Handler                        0x080020f7   Thumb Code     4  stm32f10x_it.o(.text)
    MemManage_Handler                        0x080020fb   Thumb Code     4  stm32f10x_it.o(.text)
    BusFault_Handler                         0x080020ff   Thumb Code     4  stm32f10x_it.o(.text)
    UsageFault_Handler                       0x08002103   Thumb Code     4  stm32f10x_it.o(.text)
    SVC_Handler                              0x08002107   Thumb Code     2  stm32f10x_it.o(.text)
    DebugMon_Handler                         0x08002109   Thumb Code     2  stm32f10x_it.o(.text)
    PendSV_Handler                           0x0800210b   Thumb Code     2  stm32f10x_it.o(.text)
    SysTick_Handler                          0x0800210d   Thumb Code    46  stm32f10x_it.o(.text)
    USART2_IRQHandler                        0x0800213b   Thumb Code     8  stm32f10x_it.o(.text)
    SysTick2_Init                            0x08002195   Thumb Code    42  bsp_systick.o(.text)
    SysTick_Init                             0x080021bf   Thumb Code    44  bsp_systick.o(.text)
    TimingDelay_Decrement                    0x080021eb   Thumb Code    18  bsp_systick.o(.text)
    mdelay                                   0x080021fd   Thumb Code    16  bsp_systick.o(.text)
    get_tick_count                           0x0800220d   Thumb Code    12  bsp_systick.o(.text)
    TimeStamp_Increment                      0x08002219   Thumb Code    12  bsp_systick.o(.text)
    Delay_us                                 0x08002225   Thumb Code    36  bsp_systick.o(.text)
    SysTick_Delay_us                         0x08002249   Thumb Code    82  bsp_systick.o(.text)
    HC05_Send_CMD                            0x0800233d   Thumb Code   152  bsp_hc05.o(.text)
    HC05_SendString                          0x080023d5   Thumb Code    24  bsp_hc05.o(.text)
    HC05_Init                                0x080023ed   Thumb Code    82  bsp_hc05.o(.text)
    htoul                                    0x0800243f   Thumb Code    94  bsp_hc05.o(.text)
    skipPrefix                               0x0800249d   Thumb Code    54  bsp_hc05.o(.text)
    get_line                                 0x080024d3   Thumb Code    76  bsp_hc05.o(.text)
    writeCommand                             0x0800251f   Thumb Code    86  bsp_hc05.o(.text)
    strBLTAddr                               0x08002575   Thumb Code    82  bsp_hc05.o(.text)
    parseBluetoothAddress                    0x080025c7   Thumb Code   492  bsp_hc05.o(.text)
    getRemoteDeviceName                      0x080027b3   Thumb Code   178  bsp_hc05.o(.text)
    printBLTInfo                             0x08002865   Thumb Code   252  bsp_hc05.o(.text)
    linkHC05                                 0x08002961   Thumb Code   182  bsp_hc05.o(.text)
    LED_GPIO_Config                          0x08002b91   Thumb Code    90  bsp_led.o(.text)
    Key_GPIO_Config                          0x08002bf1   Thumb Code    54  bsp_key.o(.text)
    Key_Scan                                 0x08002c27   Thumb Code    40  bsp_key.o(.text)
    ILI9341_GramScan                         0x08003091   Thumb Code   172  bsp_ili9341_lcd.o(.text)
    ILI9341_Rst                              0x0800313d   Thumb Code    36  bsp_ili9341_lcd.o(.text)
    ILI9341_BackLed_Control                  0x08003161   Thumb Code    30  bsp_ili9341_lcd.o(.text)
    ILI9341_Init                             0x0800317f   Thumb Code    34  bsp_ili9341_lcd.o(.text)
    ILI9341_OpenWindow                       0x080031a1   Thumb Code    96  bsp_ili9341_lcd.o(.text)
    ILI9341_Clear                            0x08003235   Thumb Code    40  bsp_ili9341_lcd.o(.text)
    ILI9341_SetPointPixel                    0x0800325d   Thumb Code    42  bsp_ili9341_lcd.o(.text)
    ILI9341_GetPointPixel                    0x080032bd   Thumb Code    24  bsp_ili9341_lcd.o(.text)
    ILI9341_DrawLine                         0x080032d5   Thumb Code   160  bsp_ili9341_lcd.o(.text)
    ILI9341_DrawRectangle                    0x08003375   Thumb Code   132  bsp_ili9341_lcd.o(.text)
    ILI9341_DrawCircle                       0x080033f9   Thumb Code   344  bsp_ili9341_lcd.o(.text)
    ILI9341_DispChar_EN                      0x08003551   Thumb Code   138  bsp_ili9341_lcd.o(.text)
    ILI9341_DispStringLine_EN                0x080035db   Thumb Code    92  bsp_ili9341_lcd.o(.text)
    ILI9341_DispString_EN                    0x08003637   Thumb Code    92  bsp_ili9341_lcd.o(.text)
    ILI9341_DispString_EN_YDir               0x08003693   Thumb Code    92  bsp_ili9341_lcd.o(.text)
    LCD_SetFont                              0x080036ef   Thumb Code     6  bsp_ili9341_lcd.o(.text)
    LCD_GetFont                              0x080036f5   Thumb Code     6  bsp_ili9341_lcd.o(.text)
    LCD_SetColors                            0x080036fb   Thumb Code    10  bsp_ili9341_lcd.o(.text)
    LCD_GetColors                            0x08003705   Thumb Code    14  bsp_ili9341_lcd.o(.text)
    LCD_SetTextColor                         0x08003713   Thumb Code     6  bsp_ili9341_lcd.o(.text)
    LCD_SetBackColor                         0x08003719   Thumb Code     6  bsp_ili9341_lcd.o(.text)
    LCD_ClearLine                            0x0800371f   Thumb Code    26  bsp_ili9341_lcd.o(.text)
    USART_Config                             0x0800374d   Thumb Code   120  bsp_usart.o(.text)
    USART2_Config                            0x080037c5   Thumb Code   116  bsp_usart.o(.text)
    fputc                                    0x08003839   Thumb Code    32  bsp_usart.o(.text)
    fgetc                                    0x08003859   Thumb Code    26  bsp_usart.o(.text)
    BLT_USART_Config                         0x080038a7   Thumb Code   140  bsp_usart_blt.o(.text)
    Usart_SendStr_length                     0x08003951   Thumb Code    32  bsp_usart_blt.o(.text)
    Usart_SendString                         0x08003971   Thumb Code    28  bsp_usart_blt.o(.text)
    clean_rebuff                             0x0800398d   Thumb Code    30  bsp_usart_blt.o(.text)
    bsp_USART_Process                        0x080039ab   Thumb Code    66  bsp_usart_blt.o(.text)
    get_rebuff                               0x080039ed   Thumb Code    12  bsp_usart_blt.o(.text)
    Beep_Init                                0x08003a31   Thumb Code    18  bsp_beep.o(.text)
    DS18B20_Init                             0x08003b41   Thumb Code    30  bsp_ds18b20.o(.text)
    DS18B20_GetTemp_SkipRom                  0x08003c31   Thumb Code   108  bsp_ds18b20.o(.text)
    DS18B20_ReadId                           0x08003c9d   Thumb Code    42  bsp_ds18b20.o(.text)
    DS18B20_GetTemp_MatchRom                 0x08003cc7   Thumb Code   150  bsp_ds18b20.o(.text)
    rand                                     0x08003e0d   Thumb Code    20  rand.o(.text)
    srand                                    0x08003e21   Thumb Code     6  rand.o(.text)
    __aeabi_memcpy                           0x08003e31   Thumb Code    36  memcpya.o(.text)
    __aeabi_memcpy4                          0x08003e31   Thumb Code     0  memcpya.o(.text)
    __aeabi_memcpy8                          0x08003e31   Thumb Code     0  memcpya.o(.text)
    strstr                                   0x08003e55   Thumb Code    36  strstr.o(.text)
    strchr                                   0x08003e79   Thumb Code    20  strchr.o(.text)
    strlen                                   0x08003e8d   Thumb Code    14  strlen.o(.text)
    strcmp                                   0x08003e9b   Thumb Code    28  strcmp.o(.text)
    strcpy                                   0x08003eb7   Thumb Code    18  strcpy.o(.text)
    strncmp                                  0x08003ec9   Thumb Code    30  strncmp.o(.text)
    __aeabi_dmul                             0x08003ee7   Thumb Code   228  dmul.o(.text)
    __aeabi_i2d                              0x08003fcb   Thumb Code    34  dflti.o(.text)
    __aeabi_f2d                              0x08003fed   Thumb Code    38  f2d.o(.text)
    __aeabi_d2f                              0x08004013   Thumb Code    56  d2f.o(.text)
    __aeabi_uidiv                            0x0800404b   Thumb Code     0  uidiv.o(.text)
    __aeabi_uidivmod                         0x0800404b   Thumb Code    44  uidiv.o(.text)
    __aeabi_uldivmod                         0x08004077   Thumb Code    98  uldiv.o(.text)
    __I$use$fp                               0x080040d9   Thumb Code     0  iusefp.o(.text)
    _float_round                             0x080040d9   Thumb Code    18  fepilogue.o(.text)
    _float_epilogue                          0x080040eb   Thumb Code    92  fepilogue.o(.text)
    _double_round                            0x08004147   Thumb Code    30  depilogue.o(.text)
    _double_epilogue                         0x08004165   Thumb Code   156  depilogue.o(.text)
    __aeabi_dadd                             0x08004201   Thumb Code   322  dadd.o(.text)
    __aeabi_dsub                             0x08004343   Thumb Code     6  dadd.o(.text)
    __aeabi_drsub                            0x08004349   Thumb Code     6  dadd.o(.text)
    __aeabi_ddiv                             0x0800434f   Thumb Code   222  ddiv.o(.text)
    __aeabi_d2ulz                            0x0800442d   Thumb Code    48  dfixul.o(.text)
    __aeabi_cdrcmple                         0x0800445d   Thumb Code    48  cdrcmple.o(.text)
    __scatterload                            0x0800448d   Thumb Code    28  init.o(.text)
    __scatterload_rt2                        0x0800448d   Thumb Code     0  init.o(.text)
    __aeabi_llsl                             0x080044b1   Thumb Code    30  llshl.o(.text)
    _ll_shift_l                              0x080044b1   Thumb Code     0  llshl.o(.text)
    __aeabi_llsr                             0x080044cf   Thumb Code    32  llushr.o(.text)
    _ll_ushift_r                             0x080044cf   Thumb Code     0  llushr.o(.text)
    __aeabi_lasr                             0x080044ef   Thumb Code    36  llsshr.o(.text)
    _ll_sshift_r                             0x080044ef   Thumb Code     0  llsshr.o(.text)
    ILI9341_Read_Data                        0x08004515   Thumb Code     6  bsp_ili9341_lcd.o(i.ILI9341_Read_Data)
    ILI9341_Write_Cmd                        0x08004521   Thumb Code     8  bsp_ili9341_lcd.o(i.ILI9341_Write_Cmd)
    ILI9341_Write_Data                       0x08004529   Thumb Code     6  bsp_ili9341_lcd.o(i.ILI9341_Write_Data)
    __0printf                                0x08004535   Thumb Code    22  printfa.o(i.__0printf)
    __1printf                                0x08004535   Thumb Code     0  printfa.o(i.__0printf)
    __2printf                                0x08004535   Thumb Code     0  printfa.o(i.__0printf)
    __c89printf                              0x08004535   Thumb Code     0  printfa.o(i.__0printf)
    printf                                   0x08004535   Thumb Code     0  printfa.o(i.__0printf)
    __0sprintf                               0x08004555   Thumb Code    34  printfa.o(i.__0sprintf)
    __1sprintf                               0x08004555   Thumb Code     0  printfa.o(i.__0sprintf)
    __2sprintf                               0x08004555   Thumb Code     0  printfa.o(i.__0sprintf)
    __c89sprintf                             0x08004555   Thumb Code     0  printfa.o(i.__0sprintf)
    sprintf                                  0x08004555   Thumb Code     0  printfa.o(i.__0sprintf)
    __scatterload_copy                       0x0800457d   Thumb Code    14  handlers.o(i.__scatterload_copy)
    __scatterload_null                       0x0800458b   Thumb Code     2  handlers.o(i.__scatterload_null)
    __scatterload_zeroinit                   0x0800458d   Thumb Code    14  handlers.o(i.__scatterload_zeroinit)
    ASCII8x16_Table                          0x08004e62   Data        1520  fonts.o(.constdata)
    ASCII16x24_Table                         0x08005452   Data        4560  fonts.o(.constdata)
    ASCII24x32_Table                         0x08006622   Data        9120  fonts.o(.constdata)
    Region$$Table$$Base                      0x08008a20   Number         0  anon$$obj.o(Region$$Table)
    Region$$Table$$Limit                     0x08008a40   Number         0  anon$$obj.o(Region$$Table)
    SystemCoreClock                          0x20000000   Data           4  system_stm32f10x.o(.data)
    AHBPrescTable                            0x20000004   Data          16  system_stm32f10x.o(.data)
    g_ul_ms_ticks                            0x20000030   Data           4  bsp_systick.o(.data)
    LCD_X_LENGTH                             0x20000034   Data           2  bsp_ili9341_lcd.o(.data)
    LCD_Y_LENGTH                             0x20000036   Data           2  bsp_ili9341_lcd.o(.data)
    LCD_SCAN_MODE                            0x20000038   Data           1  bsp_ili9341_lcd.o(.data)
    Font8x16                                 0x20000044   Data           8  fonts.o(.data)
    Font16x24                                0x2000004c   Data           8  fonts.o(.data)
    Font24x32                                0x20000054   Data           8  fonts.o(.data)
    uart_p                                   0x2000005c   Data           2  bsp_usart_blt.o(.data)
    __stdout                                 0x20000064   Data           4  stdout.o(.data)
    Task_Delay                               0x20000068   Data          12  main.o(.bss)
    bltDevList                               0x20000074   Data         544  main.o(.bss)
    sendData                                 0x20000294   Data        1024  main.o(.bss)
    linebuff                                 0x20000694   Data        1024  main.o(.bss)
    uart_buff                                0x20000a94   Data        1024  bsp_usart_blt.o(.bss)
    __initial_sp                             0x20001e98   Data           0  startup_stm32f10x_hd.o(STACK)



==============================================================================

Memory Map of the image

  Image Entry point : 0x08000131

  Load Region LR_IROM1 (Base: 0x08000000, Size: 0x00008aa8, Max: 0x00080000, ABSOLUTE)

    Execution Region ER_IROM1 (Base: 0x08000000, Size: 0x00008a40, Max: 0x00080000, ABSOLUTE)

    Base Addr    Size         Type   Attr      Idx    E Section Name        Object

    0x08000000   0x00000130   Data   RO            3    RESET               startup_stm32f10x_hd.o
    0x08000130   0x00000000   Code   RO          649  * .ARM.Collect$$$$00000000  mc_w.l(entry.o)
    0x08000130   0x00000004   Code   RO          940    .ARM.Collect$$$$00000001  mc_w.l(entry2.o)
    0x08000134   0x00000004   Code   RO          943    .ARM.Collect$$$$00000004  mc_w.l(entry5.o)
    0x08000138   0x00000000   Code   RO          945    .ARM.Collect$$$$00000008  mc_w.l(entry7b.o)
    0x08000138   0x00000000   Code   RO          947    .ARM.Collect$$$$0000000A  mc_w.l(entry8b.o)
    0x08000138   0x00000008   Code   RO          948    .ARM.Collect$$$$0000000B  mc_w.l(entry9a.o)
    0x08000140   0x00000000   Code   RO          950    .ARM.Collect$$$$0000000D  mc_w.l(entry10a.o)
    0x08000140   0x00000000   Code   RO          952    .ARM.Collect$$$$0000000F  mc_w.l(entry11a.o)
    0x08000140   0x00000004   Code   RO          941    .ARM.Collect$$$$00002712  mc_w.l(entry2.o)
    0x08000144   0x00000024   Code   RO            4    .text               startup_stm32f10x_hd.o
    0x08000168   0x000001e0   Code   RO           24    .text               system_stm32f10x.o
    0x08000348   0x000000dc   Code   RO          121    .text               misc.o
    0x08000424   0x0000060c   Code   RO          257    .text               stm32f10x_fsmc.o
    0x08000a30   0x0000035c   Code   RO          269    .text               stm32f10x_gpio.o
    0x08000d8c   0x000003a4   Code   RO          317    .text               stm32f10x_rcc.o
    0x08001130   0x00000408   Code   RO          379    .text               stm32f10x_usart.o
    0x08001538   0x00000bbc   Code   RO          403    .text               main.o
    0x080020f4   0x00000054   Code   RO          463    .text               stm32f10x_it.o
    0x08002148   0x000001b0   Code   RO          479    .text               bsp_systick.o
    0x080022f8   0x00000898   Code   RO          498    .text               bsp_hc05.o
    0x08002b90   0x00000060   Code   RO          511    .text               bsp_led.o
    0x08002bf0   0x00000068   Code   RO          523    .text               bsp_key.o
    0x08002c58   0x00000af4   Code   RO          535    .text               bsp_ili9341_lcd.o
    0x0800374c   0x00000134   Code   RO          590    .text               bsp_usart.o
    0x08003880   0x00000188   Code   RO          602    .text               bsp_usart_blt.o
    0x08003a08   0x00000040   Code   RO          625    .text               bsp_beep.o
    0x08003a48   0x000003c4   Code   RO          637    .text               bsp_ds18b20.o
    0x08003e0c   0x00000024   Code   RO          652    .text               mc_w.l(rand.o)
    0x08003e30   0x00000024   Code   RO          655    .text               mc_w.l(memcpya.o)
    0x08003e54   0x00000024   Code   RO          657    .text               mc_w.l(strstr.o)
    0x08003e78   0x00000014   Code   RO          659    .text               mc_w.l(strchr.o)
    0x08003e8c   0x0000000e   Code   RO          661    .text               mc_w.l(strlen.o)
    0x08003e9a   0x0000001c   Code   RO          663    .text               mc_w.l(strcmp.o)
    0x08003eb6   0x00000012   Code   RO          665    .text               mc_w.l(strcpy.o)
    0x08003ec8   0x0000001e   Code   RO          667    .text               mc_w.l(strncmp.o)
    0x08003ee6   0x000000e4   Code   RO          932    .text               mf_w.l(dmul.o)
    0x08003fca   0x00000022   Code   RO          934    .text               mf_w.l(dflti.o)
    0x08003fec   0x00000026   Code   RO          936    .text               mf_w.l(f2d.o)
    0x08004012   0x00000038   Code   RO          938    .text               mf_w.l(d2f.o)
    0x0800404a   0x0000002c   Code   RO          955    .text               mc_w.l(uidiv.o)
    0x08004076   0x00000062   Code   RO          957    .text               mc_w.l(uldiv.o)
    0x080040d8   0x00000000   Code   RO          959    .text               mc_w.l(iusefp.o)
    0x080040d8   0x0000006e   Code   RO          960    .text               mf_w.l(fepilogue.o)
    0x08004146   0x000000ba   Code   RO          962    .text               mf_w.l(depilogue.o)
    0x08004200   0x0000014e   Code   RO          964    .text               mf_w.l(dadd.o)
    0x0800434e   0x000000de   Code   RO          966    .text               mf_w.l(ddiv.o)
    0x0800442c   0x00000030   Code   RO          968    .text               mf_w.l(dfixul.o)
    0x0800445c   0x00000030   Code   RO          970    .text               mf_w.l(cdrcmple.o)
    0x0800448c   0x00000024   Code   RO          972    .text               mc_w.l(init.o)
    0x080044b0   0x0000001e   Code   RO          974    .text               mc_w.l(llshl.o)
    0x080044ce   0x00000020   Code   RO          976    .text               mc_w.l(llushr.o)
    0x080044ee   0x00000024   Code   RO          978    .text               mc_w.l(llsshr.o)
    0x08004512   0x00000002   PAD
    0x08004514   0x0000000c   Code   RO          557    i.ILI9341_Read_Data  bsp_ili9341_lcd.o
    0x08004520   0x00000008   Code   RO          547    i.ILI9341_Write_Cmd  bsp_ili9341_lcd.o
    0x08004528   0x0000000c   Code   RO          552    i.ILI9341_Write_Data  bsp_ili9341_lcd.o
    0x08004534   0x00000020   Code   RO          904    i.__0printf         mc_w.l(printfa.o)
    0x08004554   0x00000028   Code   RO          906    i.__0sprintf        mc_w.l(printfa.o)
    0x0800457c   0x0000000e   Code   RO          982    i.__scatterload_copy  mc_w.l(handlers.o)
    0x0800458a   0x00000002   Code   RO          983    i.__scatterload_null  mc_w.l(handlers.o)
    0x0800458c   0x0000000e   Code   RO          984    i.__scatterload_zeroinit  mc_w.l(handlers.o)
    0x0800459a   0x00000002   PAD
    0x0800459c   0x00000164   Code   RO          911    i._fp_digits        mc_w.l(printfa.o)
    0x08004700   0x000006dc   Code   RO          912    i._printf_core      mc_w.l(printfa.o)
    0x08004ddc   0x00000024   Code   RO          913    i._printf_post_padding  mc_w.l(printfa.o)
    0x08004e00   0x0000002e   Code   RO          914    i._printf_pre_padding  mc_w.l(printfa.o)
    0x08004e2e   0x0000000a   Code   RO          916    i._sputc            mc_w.l(printfa.o)
    0x08004e38   0x0000002a   Data   RO          405    .constdata          main.o
    0x08004e62   0x00003b60   Data   RO          577    .constdata          fonts.o
    0x080089c2   0x00000002   PAD
    0x080089c4   0x00000059   Data   RO          406    .conststring        main.o
    0x08008a1d   0x00000003   PAD
    0x08008a20   0x00000020   Data   RO          980    Region$$Table       anon$$obj.o


    Execution Region RW_IRAM1 (Base: 0x20000000, Size: 0x00001e98, Max: 0x00010000, ABSOLUTE)

    Base Addr    Size         Type   Attr      Idx    E Section Name        Object

    0x20000000   0x00000014   Data   RW           25    .data               system_stm32f10x.o
    0x20000014   0x00000014   Data   RW          318    .data               stm32f10x_rcc.o
    0x20000028   0x00000003   Data   RW          407    .data               main.o
    0x2000002b   0x00000001   PAD
    0x2000002c   0x00000008   Data   RW          480    .data               bsp_systick.o
    0x20000034   0x00000010   Data   RW          536    .data               bsp_ili9341_lcd.o
    0x20000044   0x00000018   Data   RW          578    .data               fonts.o
    0x2000005c   0x00000002   Data   RW          604    .data               bsp_usart_blt.o
    0x2000005e   0x00000002   PAD
    0x20000060   0x00000004   Data   RW          653    .data               mc_w.l(rand.o)
    0x20000064   0x00000004   Data   RW          954    .data               mc_w.l(stdout.o)
    0x20000068   0x00000a2c   Zero   RW          404    .bss                main.o
    0x20000a94   0x00000400   Zero   RW          603    .bss                bsp_usart_blt.o
    0x20000e94   0x00000004   PAD
    0x20000e98   0x00001000   Zero   RW            1    STACK               startup_stm32f10x_hd.o


==============================================================================

Image component sizes


      Code (inc. data)   RO Data    RW Data    ZI Data      Debug   Object Name

        64          6          0          0          0        608   bsp_beep.o
       964        176          0          0          0       3471   bsp_ds18b20.o
      2200        470          0          0          0       5717   bsp_hc05.o
      2836         76          0         16          0      11201   bsp_ili9341_lcd.o
       104         10          0          0          0       1063   bsp_key.o
        96          6          0          0          0        530   bsp_led.o
       432         94          0          8          0      17602   bsp_systick.o
       308         14          0          0          0       1257   bsp_usart.o
       392         16          0          2       1024       2714   bsp_usart_blt.o
         0          0          0          0          0       4496   core_cm3.o
         0          0      15200         24          0       1305   fonts.o
      3004       1332        131          3       2604       6272   main.o
       220         22          0          0          0       1821   misc.o
        36          8        304          0       4096        864   startup_stm32f10x_hd.o
      1548         18          0          0          0       5363   stm32f10x_fsmc.o
       860         38          0          0          0       5661   stm32f10x_gpio.o
        84          6          0          0          0       1488   stm32f10x_it.o
       932         36          0         20          0       8836   stm32f10x_rcc.o
      1032         22          0          0          0       8392   stm32f10x_usart.o
       480         38          0         20          0     237875   system_stm32f10x.o

    ----------------------------------------------------------------------
     15592       2388      15672         96       7728     326536   Object Totals
         0          0         32          0          0          0   (incl. Generated)
         0          0          5          3          4          0   (incl. Padding)

    ----------------------------------------------------------------------

      Code (inc. data)   RO Data    RW Data    ZI Data      Debug   Library Member Name

         0          0          0          0          0          0   entry.o
         0          0          0          0          0          0   entry10a.o
         0          0          0          0          0          0   entry11a.o
         8          4          0          0          0          0   entry2.o
         4          0          0          0          0          0   entry5.o
         0          0          0          0          0          0   entry7b.o
         0          0          0          0          0          0   entry8b.o
         8          4          0          0          0          0   entry9a.o
        30          0          0          0          0          0   handlers.o
        36          8          0          0          0         68   init.o
         0          0          0          0          0          0   iusefp.o
        30          0          0          0          0         68   llshl.o
        36          0          0          0          0         68   llsshr.o
        32          0          0          0          0         68   llushr.o
        36          0          0          0          0         68   memcpya.o
      2276         96          0          0          0        596   printfa.o
        36         10          0          4          0        136   rand.o
         0          0          0          4          0          0   stdout.o
        20          0          0          0          0         68   strchr.o
        28          0          0          0          0         76   strcmp.o
        18          0          0          0          0         68   strcpy.o
        14          0          0          0          0         68   strlen.o
        30          0          0          0          0         80   strncmp.o
        36          0          0          0          0         80   strstr.o
        44          0          0          0          0         80   uidiv.o
        98          0          0          0          0         92   uldiv.o
        48          0          0          0          0         68   cdrcmple.o
        56          0          0          0          0         88   d2f.o
       334          0          0          0          0        148   dadd.o
       222          0          0          0          0        100   ddiv.o
       186          0          0          0          0        176   depilogue.o
        48          0          0          0          0         68   dfixul.o
        34          0          0          0          0         76   dflti.o
       228          0          0          0          0         96   dmul.o
        38          0          0          0          0         68   f2d.o
       110          0          0          0          0        168   fepilogue.o

    ----------------------------------------------------------------------
      4128        122          0          8          0       2740   Library Totals
         4          0          0          0          0          0   (incl. Padding)

    ----------------------------------------------------------------------

      Code (inc. data)   RO Data    RW Data    ZI Data      Debug   Library Name

      2820        122          0          8          0       1684   mc_w.l
      1304          0          0          0          0       1056   mf_w.l

    ----------------------------------------------------------------------
      4128        122          0          8          0       2740   Library Totals

    ----------------------------------------------------------------------

==============================================================================


      Code (inc. data)   RO Data    RW Data    ZI Data      Debug   

     19720       2510      15672        104       7728     326256   Grand Totals
     19720       2510      15672        104       7728     326256   ELF Image Totals
     19720       2510      15672        104          0          0   ROM Totals

==============================================================================

    Total RO  Size (Code + RO Data)                35392 (  34.56kB)
    Total RW  Size (RW Data + ZI Data)              7832 (   7.65kB)
    Total ROM Size (Code + RO Data + RW Data)      35496 (  34.66kB)

==============================================================================

